Component: ARM Compiler 5.05 update 1 (build 106) Tool: armlink [4d0efa]

==============================================================================

Section Cross References

    system_stm32f10x.o(.text) refers to system_stm32f10x.o(.data) for SystemCoreClock
    startup_stm32f10x_hd.o(RESET) refers to startup_stm32f10x_hd.o(STACK) for __initial_sp
    startup_stm32f10x_hd.o(RESET) refers to startup_stm32f10x_hd.o(.text) for Reset_Handler
    startup_stm32f10x_hd.o(RESET) refers to stm32f10x_it.o(.text) for NMI_Handler
    startup_stm32f10x_hd.o(RESET) refers to key.o(.text) for EXTI4_IRQHandler
    startup_stm32f10x_hd.o(.text) refers to system_stm32f10x.o(.text) for SystemInit
    startup_stm32f10x_hd.o(.text) refers to entry.o(.ARM.Collect$$$$00000000) for __main
    main.o(.text) refers to system_stm32f10x.o(.text) for SystemInit
    main.o(.text) refers to delay.o(.text) for delay_init
    main.o(.text) refers to misc.o(.text) for NVIC_PriorityGroupConfig
    main.o(.text) refers to led.o(.text) for LED_Init
    main.o(.text) refers to usart1.o(.text) for USART1_Init
    main.o(.text) refers to usart2.o(.text) for USART2_Init
    main.o(.text) refers to esp8266.o(.text) for ESP8266_Init
    stm32f10x_it.o(.text) refers to led.o(.text) for LED_CmdCtl
    stm32f10x_it.o(.text) refers to memseta.o(.text) for __aeabi_memclr
    stm32f10x_it.o(.text) refers to usart2.o(.data) for usart2_rcv_len
    stm32f10x_it.o(.text) refers to usart2.o(.bss) for usart2_rcv_buf
    stm32f10x_gpio.o(.text) refers to stm32f10x_rcc.o(.text) for RCC_APB2PeriphResetCmd
    stm32f10x_i2c.o(.text) refers to stm32f10x_rcc.o(.text) for RCC_APB1PeriphResetCmd
    stm32f10x_rcc.o(.text) refers to stm32f10x_rcc.o(.data) for APBAHBPrescTable
    stm32f10x_usart.o(.text) refers to stm32f10x_rcc.o(.text) for RCC_APB2PeriphResetCmd
    usart1.o(.text) refers to stm32f10x_usart.o(.text) for USART_SendData
    usart1.o(.text) refers to stm32f10x_rcc.o(.text) for RCC_APB2PeriphClockCmd
    usart1.o(.text) refers to stm32f10x_gpio.o(.text) for GPIO_Init
    usart1.o(.text) refers to misc.o(.text) for NVIC_Init
    usart2.o(.text) refers to stm32f10x_rcc.o(.text) for RCC_APB2PeriphClockCmd
    usart2.o(.text) refers to stm32f10x_gpio.o(.text) for GPIO_Init
    usart2.o(.text) refers to stm32f10x_usart.o(.text) for USART_Init
    usart2.o(.text) refers to misc.o(.text) for NVIC_Init
    led.o(.text) refers to stm32f10x_rcc.o(.text) for RCC_APB2PeriphClockCmd
    led.o(.text) refers to stm32f10x_gpio.o(.text) for GPIO_Init
    led.o(.text) refers to strstr.o(.text) for strstr
    led.o(.text) refers to delay.o(.text) for delay_ms
    led.o(.text) refers to usart2.o(.bss) for usart2_cmd_buf
    led.o(.text) refers to led.o(.data) for LED0_value
    key.o(.text) refers to stm32f10x_rcc.o(.text) for RCC_APB2PeriphClockCmd
    key.o(.text) refers to stm32f10x_gpio.o(.text) for GPIO_Init
    key.o(.text) refers to stm32f10x_exti.o(.text) for EXTI_Init
    key.o(.text) refers to misc.o(.text) for NVIC_Init
    ds18b20.o(.text) refers to delay.o(.text) for delay_us
    ds18b20.o(.text) refers to stm32f10x_rcc.o(.text) for RCC_APB2PeriphClockCmd
    ds18b20.o(.text) refers to stm32f10x_gpio.o(.text) for GPIO_Init
    ds18b20.o(.text) refers to fflti.o(.text) for __aeabi_i2f
    ds18b20.o(.text) refers to f2d.o(.text) for __aeabi_f2d
    ds18b20.o(.text) refers to dmul.o(.text) for __aeabi_dmul
    ds18b20.o(.text) refers to dfixi.o(.text) for __aeabi_d2iz
    delay.o(.text) refers to misc.o(.text) for SysTick_CLKSourceConfig
    delay.o(.text) refers to system_stm32f10x.o(.data) for SystemCoreClock
    delay.o(.text) refers to delay.o(.data) for fac_us
    cjson.o(.text) refers to tolower.o(.text) for tolower
    cjson.o(.text) refers to strlen.o(.text) for strlen
    cjson.o(.text) refers to memmovea.o(.text) for __aeabi_memcpy
    cjson.o(.text) refers to memseta.o(.text) for __aeabi_memclr4
    cjson.o(.text) refers to dflti.o(.text) for __aeabi_i2d
    cjson.o(.text) refers to dmul.o(.text) for __aeabi_dmul
    cjson.o(.text) refers to dadd.o(.text) for __aeabi_dadd
    cjson.o(.text) refers to pow.o(i.pow) for pow
    cjson.o(.text) refers to dfixi.o(.text) for __aeabi_d2iz
    cjson.o(.text) refers to cdcmple.o(.text) for __aeabi_cdcmpeq
    cjson.o(.text) refers to cdrcmple.o(.text) for __aeabi_cdrcmple
    cjson.o(.text) refers to cjson.o(.data) for ep
    cjson.o(.text) refers to malloc.o(i.malloc) for malloc
    cjson.o(.text) refers to malloc.o(i.free) for free
    cjson.o(.text) refers to printfa.o(i.__0sprintf) for __2sprintf
    cjson.o(.text) refers to floor.o(i.floor) for floor
    cjson.o(.text) refers to cjson.o(.constdata) for firstByteMark
    cjson.o(.text) refers to strcpy.o(.text) for strcpy
    cjson.o(.text) refers to strchr.o(.text) for strchr
    cjson.o(.text) refers to strncmp.o(.text) for strncmp
    cjson.o(.text) refers to f2d.o(.text) for __aeabi_f2d
    cjson.o(.data) refers to malloc.o(i.malloc) for malloc
[...]
    printfa.o(i.__0printf) refers to printfa.o(i._printf_core) for _printf_core
    printfa.o(i.__0printf) refers to usart1.o(.text) for fputc
    printfa.o(i.__0printf) refers to stdout.o(.data) for __stdout
    printfa.o(i.__0snprintf) refers (Special) to iusefp.o(.text) for __I$use$fp
    printfa.o(i.__0snprintf) refers to printfa.o(i._printf_core) for _printf_core
    printfa.o(i.__0snprintf) refers to printfa.o(i._snputc) for _snputc
    printfa.o(i.__0sprintf) refers (Special) to iusefp.o(.text) for __I$use$fp
    printfa.o(i.__0sprintf) refers to printfa.o(i._printf_core) for _printf_core
    printfa.o(i.__0sprintf) refers to printfa.o(i._sputc) for _sputc
    printfa.o(i.__0vfprintf) refers (Special) to iusefp.o(.text) for __I$use$fp
    printfa.o(i.__0vfprintf) refers to printfa.o(i._printf_core) for _printf_core
    printfa.o(i.__0vfprintf) refers to usart1.o(.text) for fputc
    printfa.o(i.__0vprintf) refers (Special) to iusefp.o(.text) for __I$use$fp
    printfa.o(i.__0vprintf) refers to printfa.o(i._printf_core) for _printf_core
    printfa.o(i.__0vprintf) refers to usart1.o(.text) for fputc
    printfa.o(i.__0vprintf) refers to stdout.o(.data) for __stdout
    printfa.o(i.__0vsnprintf) refers (Special) to iusefp.o(.text) for __I$use$fp
    printfa.o(i.__0vsnprintf) refers to printfa.o(i._printf_core) for _printf_core
    printfa.o(i.__0vsnprintf) refers to printfa.o(i._snputc) for _snputc
    printfa.o(i.__0vsprintf) refers (Special) to iusefp.o(.text) for __I$use$fp
    printfa.o(i.__0vsprintf) refers to printfa.o(i._printf_core) for _printf_core
    printfa.o(i.__0vsprintf) refers to printfa.o(i._sputc) for _sputc
    printfa.o(i._fp_digits) refers (Special) to iusefp.o(.text) for __I$use$fp
    printfa.o(i._fp_digits) refers to dmul.o(.text) for __aeabi_dmul
    printfa.o(i._fp_digits) refers to ddiv.o(.text) for __aeabi_ddiv
    printfa.o(i._fp_digits) refers to cdrcmple.o(.text) for __aeabi_cdrcmple
    printfa.o(i._fp_digits) refers to dadd.o(.text) for __aeabi_dadd
    printfa.o(i._fp_digits) refers to dfixul.o(.text) for __aeabi_d2ulz
    printfa.o(i._fp_digits) refers to uldiv.o(.text) for __aeabi_uldivmod
    printfa.o(i._printf_core) refers (Special) to iusefp.o(.text) for __I$use$fp
    printfa.o(i._printf_core) refers to printfa.o(i._printf_pre_padding) for _printf_pre_padding
    printfa.o(i._printf_core) refers to uldiv.o(.text) for __aeabi_uldivmod
    printfa.o(i._printf_core) refers to printfa.o(i._printf_post_padding) for _printf_post_padding
    printfa.o(i._printf_core) refers to printfa.o(i._fp_digits) for _fp_digits
    printfa.o(i._printf_core) refers to uidiv.o(.text) for __aeabi_uidivmod
    printfa.o(i._printf_post_padding) refers (Special) to iusefp.o(.text) for __I$use$fp
    printfa.o(i._printf_pre_padding) refers (Special) to iusefp.o(.text) for __I$use$fp
    printfa.o(i._snputc) refers (Special) to iusefp.o(.text) for __I$use$fp
    printfa.o(i._sputc) refers (Special) to iusefp.o(.text) for __I$use$fp
    malloc.o(i.free) refers to mvars.o(.data) for __microlib_freelist
    malloc.o(i.malloc) refers to mvars.o(.data) for __microlib_freelist_initialised
    malloc.o(i.malloc) refers to mvars.o(.data) for __microlib_freelist
    malloc.o(i.malloc) refers to startup_stm32f10x_hd.o(HEAP) for __heap_base
    mallocr.o(i.__free$realloc) refers to mvars.o(.data) for __microlib_freelist
    mallocr.o(i.__malloc$realloc) refers to mallocr.o(i.internal_alloc) for internal_alloc
    mallocr.o(i.__malloc$realloc) refers to mvars.o(.data) for __microlib_freelist_initialised
    mallocr.o(i.__malloc$realloc) refers to startup_stm32f10x_hd.o(HEAP) for __heap_base
    mallocr.o(i.__malloc$realloc) refers to mvars.o(.data) for __microlib_freelist
    mallocr.o(i.internal_alloc) refers to memmovea.o(.text) for __aeabi_memcpy
    mallocr.o(i.internal_alloc) refers to mvars.o(.data) for __microlib_freelist
    mallocr.o(i.realloc) refers to mallocr.o(i.__free$realloc) for __free$realloc
    mallocr.o(i.realloc) refers to mallocr.o(i.internal_alloc) for internal_alloc
    mallocr.o(i.realloc) refers to mallocr.o(i.__malloc$realloc) for __malloc$realloc
    mallocr.o(i.realloc) refers to mvars.o(.data) for __microlib_freelist
    malloca.o(i.__aligned_malloc) refers to mvars.o(.data) for __microlib_freelist_initialised
    malloca.o(i.__aligned_malloc) refers to mvars.o(.data) for __microlib_freelist
    malloca.o(i.__aligned_malloc) refers to startup_stm32f10x_hd.o(HEAP) for __heap_base
    malloca.o(i.__free$memalign) refers to mvars.o(.data) for __microlib_freelist
    malloca.o(i.__malloc$memalign) refers to malloca.o(i.__aligned_malloc) for __aligned_malloc
    mallocra.o(i.__aligned_malloc$realloc) refers to mallocra.o(i.internal_alloc) for internal_alloc
    mallocra.o(i.__aligned_malloc$realloc) refers to mvars.o(.data) for __microlib_freelist_initialised
    mallocra.o(i.__aligned_malloc$realloc) refers to startup_stm32f10x_hd.o(HEAP) for __heap_base
    mallocra.o(i.__aligned_malloc$realloc) refers to mvars.o(.data) for __microlib_freelist
    mallocra.o(i.__free$realloc$memalign) refers to mvars.o(.data) for __microlib_freelist
    mallocra.o(i.__malloc$realloc$memalign) refers to mallocra.o(i.__aligned_malloc$realloc) for __aligned_malloc$realloc
    mallocra.o(i.__realloc$memalign) refers to mallocra.o(i.__free$realloc$memalign) for __free$realloc$memalign
    mallocra.o(i.__realloc$memalign) refers to mallocra.o(i.internal_alloc) for internal_alloc
    mallocra.o(i.__realloc$memalign) refers to mallocra.o(i.__malloc$realloc$memalign) for __malloc$realloc$memalign
    mallocra.o(i.__realloc$memalign) refers to mvars.o(.data) for __microlib_freelist
    mallocra.o(i.internal_alloc) refers to memmovea.o(.text) for __aeabi_memcpy
    mallocra.o(i.internal_alloc) refers to mvars.o(.data) for __microlib_freelist
    dadd.o(.text) refers (Special) to iusefp.o(.text) for __I$use$fp
    dadd.o(.text) refers to llshl.o(.text) for __aeabi_llsl
    dadd.o(.text) refers to llsshr.o(.text) for __aeabi_lasr
    dadd.o(.text) refers to depilogue.o(.text) for _double_epilogue
    dmul.o(.text) refers (Special) to iusefp.o(.text) for __I$use$fp
    dmul.o(.text) refers to depilogue.o(.text) for _double_epilogue
    fflti.o(.text) refers (Special) to iusefp.o(.text) for __I$use$fp
    fflti.o(.text) refers to fepilogue.o(.text) for _float_epilogue
    dflti.o(.text) refers (Special) to iusefp.o(.text) for __I$use$fp
    dflti.o(.text) refers to depilogue.o(.text) for _double_epilogue
    dfixi.o(.text) refers (Special) to iusefp.o(.text) for __I$use$fp
    dfixi.o(.text) refers to llushr.o(.text) for __aeabi_llsr
    f2d.o(.text) refers (Special) to iusefp.o(.text) for __I$use$fp
    cdcmple.o(.text) refers (Special) to iusefp.o(.text) for __I$use$fp
    cdrcmple.o(.text) refers (Special) to iusefp.o(.text) for __I$use$fp
    dunder.o(i.__mathlib_dbl_divzero) refers to ddiv.o(.text) for __aeabi_ddiv
    dunder.o(i.__mathlib_dbl_infnan) refers to dscalb.o(.text) for __ARM_scalbn
    dunder.o(i.__mathlib_dbl_infnan2) refers to dadd.o(.text) for __aeabi_dadd
    dunder.o(i.__mathlib_dbl_invalid) refers to ddiv.o(.text) for __aeabi_ddiv
    dunder.o(i.__mathlib_dbl_overflow) refers to dscalb.o(.text) for __ARM_scalbn
    dunder.o(i.__mathlib_dbl_posinfnan) refers to dmul.o(.text) for __aeabi_dmul
    dunder.o(i.__mathlib_dbl_underflow) refers to dscalb.o(.text) for __ARM_scalbn
    fpclassify.o(i.__ARM_fpclassify) refers (Special) to iusefp.o(.text) for __I$use$fp
    poly.o(i.__kernel_poly) refers (Special) to iusefp.o(.text) for __I$use$fp
    poly.o(i.__kernel_poly) refers to dmul.o(.text) for __aeabi_dmul
    poly.o(i.__kernel_poly) refers to dadd.o(.text) for __aeabi_dadd
    qnan.o(.constdata) refers (Special) to iusefp.o(.text) for __I$use$fp
    sqrt.o(i.__softfp_sqrt) refers (Special) to iusefp.o(.text) for __I$use$fp
    sqrt.o(i.__softfp_sqrt) refers to dsqrt.o(.text) for _dsqrt
    sqrt.o(i.__softfp_sqrt) refers to errno.o(i.__set_errno) for __set_errno
    sqrt.o(i.sqrt) refers (Special) to iusefp.o(.text) for __I$use$fp
    sqrt.o(i.sqrt) refers to dsqrt.o(.text) for _dsqrt
    sqrt.o(i.sqrt) refers to errno.o(i.__set_errno) for __set_errno
    sqrt_x.o(i.____softfp_sqrt$lsc) refers (Special) to iusefp.o(.text) for __I$use$fp
    sqrt_x.o(i.____softfp_sqrt$lsc) refers to cdcmple.o(.text) for __aeabi_cdcmple
    sqrt_x.o(i.____softfp_sqrt$lsc) refers to errno.o(i.__set_errno) for __set_errno
    sqrt_x.o(i.____softfp_sqrt$lsc) refers to dsqrt.o(.text) for _dsqrt
    sqrt_x.o(i.__sqrt$lsc) refers (Special) to iusefp.o(.text) for __I$use$fp
    sqrt_x.o(i.__sqrt$lsc) refers to cdcmple.o(.text) for __aeabi_cdcmple
    sqrt_x.o(i.__sqrt$lsc) refers to errno.o(i.__set_errno) for __set_errno
    sqrt_x.o(i.__sqrt$lsc) refers to dsqrt.o(.text) for _dsqrt
    entry2.o(.ARM.Collect$$$$00000001) refers to entry2.o(.ARM.Collect$$$$00002712) for __lit__00000000
    entry2.o(.ARM.Collect$$$$00002712) refers to startup_stm32f10x_hd.o(STACK) for __initial_sp
    entry2.o(__vectab_stack_and_reset_area) refers to startup_stm32f10x_hd.o(STACK) for __initial_sp
    entry2.o(__vectab_stack_and_reset_area) refers to entry.o(.ARM.Collect$$$$00000000) for __main
    entry5.o(.ARM.Collect$$$$00000004) refers to init.o(.text) for __scatterload
    entry9a.o(.ARM.Collect$$$$0000000B) refers to main.o(.text) for main
    entry9b.o(.ARM.Collect$$$$0000000C) refers to main.o(.text) for main
    uldiv.o(.text) refers to llushr.o(.text) for __aeabi_llsr
    uldiv.o(.text) refers to llshl.o(.text) for __aeabi_llsl
    errno.o(i.__aeabi_errno_addr) refers to errno.o(.data) for .data
    errno.o(i.__read_errno) refers to errno.o(.data) for .data
    errno.o(i.__set_errno) refers to errno.o(.data) for .data
    depilogue.o(.text) refers to llshl.o(.text) for __aeabi_llsl
    depilogue.o(.text) refers to llushr.o(.text) for __aeabi_llsr
    ddiv.o(.text) refers to depilogue.o(.text) for _double_round
    dfixul.o(.text) refers to llushr.o(.text) for __aeabi_llsr
    dfixul.o(.text) refers to llshl.o(.text) for __aeabi_llsl
    init.o(.text) refers to entry5.o(.ARM.Collect$$$$00000004) for __main_after_scatterload
    dsqrt.o(.text) refers to llushr.o(.text) for __aeabi_llsr
    dsqrt.o(.text) refers to depilogue.o(.text) for _double_round


==============================================================================

Removing Unused input sections from the image.

    Removing core_cm3.o(.emb_text), (32 bytes).
    Removing stm32f10x_flash.o(.text), (1468 bytes).
    Removing stm32f10x_i2c.o(.text), (1028 bytes).
    Removing usart1.o(.bss), (512 bytes).
    Removing usart1.o(.data), (12 bytes).
    Removing ds18b20.o(.text), (616 bytes).
    Removing sys.o(.emb_text), (6 bytes).
    Removing sys.o(.text), (12 bytes).
    Removing fflti.o(.text), (18 bytes).
    Removing fepilogue.o(.text), (110 bytes).

10 unused section(s) (total 3814 bytes) removed from the image.

==============================================================================

Image Symbol Table

    Local Symbols

    Symbol Name                              Value     Ov Type        Size  Object(Section)

    ../clib/microlib/ctype/tolower.c         0x00000000   Number         0  tolower.o ABSOLUTE
    ../clib/microlib/division.c              0x00000000   Number         0  uidiv.o ABSOLUTE
    ../clib/microlib/division.c              0x00000000   Number         0  uldiv.o ABSOLUTE
    ../clib/microlib/errno.c                 0x00000000   Number         0  errno.o ABSOLUTE
    ../clib/microlib/init/entry.s            0x00000000   Number         0  entry5.o ABSOLUTE
    ../clib/microlib/init/entry.s            0x00000000   Number         0  entry11a.o ABSOLUTE
    ../clib/microlib/init/entry.s            0x00000000   Number         0  entry10b.o ABSOLUTE
    ../clib/microlib/init/entry.s            0x00000000   Number         0  entry9b.o ABSOLUTE
    ../clib/microlib/init/entry.s            0x00000000   Number         0  entry9a.o ABSOLUTE
    ../clib/microlib/init/entry.s            0x00000000   Number         0  entry8b.o ABSOLUTE
    ../clib/microlib/init/entry.s            0x00000000   Number         0  entry8a.o ABSOLUTE
    ../clib/microlib/init/entry.s            0x00000000   Number         0  entry10a.o ABSOLUTE
    ../clib/microlib/init/entry.s            0x00000000   Number         0  entry7b.o ABSOLUTE
    ../clib/microlib/init/entry.s            0x00000000   Number         0  entry.o ABSOLUTE
    ../clib/microlib/init/entry.s            0x00000000   Number         0  entry2.o ABSOLUTE
    ../clib/microlib/init/entry.s            0x00000000   Number         0  entry7a.o ABSOLUTE
    ../clib/microlib/init/entry.s            0x00000000   Number         0  entry11b.o ABSOLUTE
    ../clib/microlib/longlong.c              0x00000000   Number         0  llsshr.o ABSOLUTE
    ../clib/microlib/longlong.c              0x00000000   Number         0  llushr.o ABSOLUTE
    ../clib/microlib/longlong.c              0x00000000   Number         0  llshl.o ABSOLUTE
    ../clib/microlib/malloc/malloc.c         0x00000000   Number         0  mallocra.o ABSOLUTE
    ../clib/microlib/malloc/malloc.c         0x00000000   Number         0  malloca.o ABSOLUTE
    ../clib/microlib/malloc/malloc.c         0x00000000   Number         0  mallocr.o ABSOLUTE
    ../clib/microlib/malloc/malloc.c         0x00000000   Number         0  malloc.o ABSOLUTE
    ../clib/microlib/malloc/mvars.c          0x00000000   Number         0  mvars.o ABSOLUTE
    ../clib/microlib/printf/printf.c         0x00000000   Number         0  printf2.o ABSOLUTE
    ../clib/microlib/printf/printf.c         0x00000000   Number         0  printfa.o ABSOLUTE
    ../clib/microlib/printf/printf.c         0x00000000   Number         0  printf6.o ABSOLUTE
    ../clib/microlib/printf/printf.c         0x00000000   Number         0  printf8.o ABSOLUTE
    ../clib/microlib/printf/printf.c         0x00000000   Number         0  printf7.o ABSOLUTE
    ../clib/microlib/printf/printf.c         0x00000000   Number         0  printf5.o ABSOLUTE
    ../clib/microlib/printf/printf.c         0x00000000   Number         0  printf4.o ABSOLUTE
    ../clib/microlib/printf/printf.c         0x00000000   Number         0  printf3.o ABSOLUTE
    ../clib/microlib/printf/printf.c         0x00000000   Number         0  printfb.o ABSOLUTE
    ../clib/microlib/printf/printf.c         0x00000000   Number         0  printf0.o ABSOLUTE
    ../clib/microlib/printf/printf.c         0x00000000   Number         0  printf1.o ABSOLUTE
    ../clib/microlib/printf/stubs.s          0x00000000   Number         0  stubs.o ABSOLUTE
    ../clib/microlib/stdio/streams.c         0x00000000   Number         0  stdout.o ABSOLUTE
    ../clib/microlib/string/memcpy.c         0x00000000   Number         0  memmoveb.o ABSOLUTE
    ../clib/microlib/string/memcpy.c         0x00000000   Number         0  memcpya.o ABSOLUTE
    ../clib/microlib/string/memcpy.c         0x00000000   Number         0  memmovea.o ABSOLUTE
    ../clib/microlib/string/memcpy.c         0x00000000   Number         0  memcpyb.o ABSOLUTE
    ../clib/microlib/string/memset.c         0x00000000   Number         0  memseta.o ABSOLUTE
    ../clib/microlib/string/strcat.c         0x00000000   Number         0  strcat.o ABSOLUTE
    ../clib/microlib/string/strchr.c         0x00000000   Number         0  strchr.o ABSOLUTE
    ../clib/microlib/string/strcpy.c         0x00000000   Number         0  strcpy.o ABSOLUTE
    ../clib/microlib/string/strlen.c         0x00000000   Number         0  strlen.o ABSOLUTE
    ../clib/microlib/string/strncmp.c        0x00000000   Number         0  strncmp.o ABSOLUTE
    ../clib/microlib/string/strncpy.c        0x00000000   Number         0  strncpy.o ABSOLUTE
    ../clib/microlib/string/strstr.c         0x00000000   Number         0  strstr.o ABSOLUTE
    ../clib/microlib/stubs.s                 0x00000000   Number         0  iusefp.o ABSOLUTE
    ../fplib/microlib/f2d.c                  0x00000000   Number         0  f2d.o ABSOLUTE
    ../fplib/microlib/fpadd.c                0x00000000   Number         0  dadd.o ABSOLUTE
    ../fplib/microlib/fpdiv.c                0x00000000   Number         0  ddiv.o ABSOLUTE
    ../fplib/microlib/fpepilogue.c           0x00000000   Number         0  fepilogue.o ABSOLUTE
    ../fplib/microlib/fpepilogue.c           0x00000000   Number         0  depilogue.o ABSOLUTE
    ../fplib/microlib/fpfix.c                0x00000000   Number         0  dfixi.o ABSOLUTE
    ../fplib/microlib/fpfix.c                0x00000000   Number         0  dfixul.o ABSOLUTE
    ../fplib/microlib/fpflt.c                0x00000000   Number         0  fflti.o ABSOLUTE
    ../fplib/microlib/fpflt.c                0x00000000   Number         0  dflti.o ABSOLUTE
    ../fplib/microlib/fpmul.c                0x00000000   Number         0  dmul.o ABSOLUTE
    ../fplib/microlib/fpscalb.c              0x00000000   Number         0  dscalb.o ABSOLUTE
    ../fplib/microlib/fpsqrt.c               0x00000000   Number         0  dsqrt.o ABSOLUTE
    ../mathlib/dunder.c                      0x00000000   Number         0  dunder.o ABSOLUTE
    ../mathlib/floor.c                       0x00000000   Number         0  floor.o ABSOLUTE
    ../mathlib/fpclassify.c                  0x00000000   Number         0  fpclassify.o ABSOLUTE
    ../mathlib/poly.c                        0x00000000   Number         0  poly.o ABSOLUTE
    ../mathlib/pow.c                         0x00000000   Number         0  pow_x.o ABSOLUTE
    ../mathlib/pow.c                         0x00000000   Number         0  pow.o ABSOLUTE
    ../mathlib/qnan.c                        0x00000000   Number         0  qnan.o ABSOLUTE
    ../mathlib/sqrt.c                        0x00000000   Number         0  sqrt.o ABSOLUTE
    ../mathlib/sqrt.c                        0x00000000   Number         0  sqrt_x.o ABSOLUTE
    ..\Driver\delay.c                        0x00000000   Number         0  delay.o ABSOLUTE
    ..\Driver\ds18b20.c                      0x00000000   Number         0  ds18b20.o ABSOLUTE
    ..\Driver\key.c                          0x00000000   Number         0  key.o ABSOLUTE
    ..\Driver\led.c                          0x00000000   Number         0  led.o ABSOLUTE
    ..\Driver\sys.c                          0x00000000   Number         0  sys.o ABSOLUTE
    ..\Driver\usart1.c                       0x00000000   Number         0  usart1.o ABSOLUTE
    ..\Driver\usart2.c                       0x00000000   Number         0  usart2.o ABSOLUTE
    ..\EDP\EdpKit.c                          0x00000000   Number         0  edpkit.o ABSOLUTE
    ..\EDP\cJSON.c                           0x00000000   Number         0  cjson.o ABSOLUTE
    ..\Libraries\CMSIS\core_cm3.c            0x00000000   Number         0  core_cm3.o ABSOLUTE
    ..\Libraries\CMSIS\startup\arm\startup_stm32f10x_hd.s 0x00000000   Number         0  startup_stm32f10x_hd.o ABSOLUTE
    ..\Libraries\CMSIS\system_stm32f10x.c    0x00000000   Number         0  system_stm32f10x.o ABSOLUTE
    ..\Libraries\STM32F10x_StdPeriph_Driver\src\misc.c 0x00000000   Number         0  misc.o ABSOLUTE
    ..\Libraries\STM32F10x_StdPeriph_Driver\src\stm32f10x_exti.c 0x00000000   Number         0  stm32f10x_exti.o ABSOLUTE
    ..\Libraries\STM32F10x_StdPeriph_Driver\src\stm32f10x_flash.c 0x00000000   Number         0  stm32f10x_flash.o ABSOLUTE
    ..\Libraries\STM32F10x_StdPeriph_Driver\src\stm32f10x_gpio.c 0x00000000   Number         0  stm32f10x_gpio.o ABSOLUTE
    ..\Libraries\STM32F10x_StdPeriph_Driver\src\stm32f10x_i2c.c 0x00000000   Number         0  stm32f10x_i2c.o ABSOLUTE
    ..\Libraries\STM32F10x_StdPeriph_Driver\src\stm32f10x_rcc.c 0x00000000   Number         0  stm32f10x_rcc.o ABSOLUTE
    ..\Libraries\STM32F10x_StdPeriph_Driver\src\stm32f10x_usart.c 0x00000000   Number         0  stm32f10x_usart.o ABSOLUTE
    ..\Network\esp8266.c                     0x00000000   Number         0  esp8266.o ABSOLUTE
    ..\User\main.c                           0x00000000   Number         0  main.o ABSOLUTE
    ..\User\stm32f10x_it.c                   0x00000000   Number         0  stm32f10x_it.o ABSOLUTE
    ..\\Driver\\sys.c                        0x00000000   Number         0  sys.o ABSOLUTE
    ..\\Libraries\\CMSIS\\core_cm3.c         0x00000000   Number         0  core_cm3.o ABSOLUTE
    cdcmple.s                                0x00000000   Number         0  cdcmple.o ABSOLUTE
    cdrcmple.s                               0x00000000   Number         0  cdrcmple.o ABSOLUTE
    dc.s                                     0x00000000   Number         0  dc.o ABSOLUTE
    handlers.s                               0x00000000   Number         0  handlers.o ABSOLUTE
    init.s                                   0x00000000   Number         0  init.o ABSOLUTE
    RESET                                    0x08000000   Section      304  startup_stm32f10x_hd.o(RESET)
    .ARM.Collect$$$$00000000                 0x08000130   Section        0  entry.o(.ARM.Collect$$$$00000000)
    .ARM.Collect$$$$00000001                 0x08000130   Section        4  entry2.o(.ARM.Collect$$$$00000001)
    .ARM.Collect$$$$00000004                 0x08000134   Section        4  entry5.o(.ARM.Collect$$$$00000004)
    .ARM.Collect$$$$00000008                 0x08000138   Section        0  entry7b.o(.ARM.Collect$$$$00000008)
    .ARM.Collect$$$$0000000A                 0x08000138   Section        0  entry8b.o(.ARM.Collect$$$$0000000A)
    .ARM.Collect$$$$0000000B                 0x08000138   Section        8  entry9a.o(.ARM.Collect$$$$0000000B)
    .ARM.Collect$$$$0000000D                 0x08000140   Section        0  entry10a.o(.ARM.Collect$$$$0000000D)
    .ARM.Collect$$$$0000000F                 0x08000140   Section        0  entry11a.o(.ARM.Collect$$$$0000000F)
    .ARM.Collect$$$$00002712                 0x08000140   Section        4  entry2.o(.ARM.Collect$$$$00002712)
    __lit__00000000                          0x08000140   Data           4  entry2.o(.ARM.Collect$$$$00002712)
    .text                                    0x08000144   Section        0  system_stm32f10x.o(.text)
    SetSysClockTo72                          0x08000145   Thumb Code   214  system_stm32f10x.o(.text)
    SetSysClock                              0x0800021b   Thumb Code     8  system_stm32f10x.o(.text)
    .text                                    0x08000324   Section       36  startup_stm32f10x_hd.o(.text)
    .text                                    0x08000348   Section        0  main.o(.text)
    .text                                    0x080003c0   Section        0  stm32f10x_it.o(.text)
    .text                                    0x08000474   Section        0  misc.o(.text)
    .text                                    0x08000550   Section        0  stm32f10x_exti.o(.text)
    .text                                    0x0800066c   Section        0  stm32f10x_gpio.o(.text)
    .text                                    0x080009c8   Section        0  stm32f10x_rcc.o(.text)
    .text                                    0x08000d6c   Section        0  stm32f10x_usart.o(.text)
    .text                                    0x08001174   Section        0  usart1.o(.text)
    .text                                    0x08001268   Section        0  usart2.o(.text)
    .text                                    0x08001348   Section        0  led.o(.text)
    .text                                    0x08001428   Section        0  key.o(.text)
    .text                                    0x08001540   Section        0  delay.o(.text)
    .text                                    0x08001614   Section        0  cjson.o(.text)
    cJSON_strcasecmp                         0x0800161b   Thumb Code    76  cjson.o(.text)
    cJSON_strdup                             0x08001667   Thumb Code    42  cjson.o(.text)
    cJSON_New_Item                           0x080016c1   Thumb Code    26  cjson.o(.text)
    parse_number                             0x0800172d   Thumb Code   432  cjson.o(.text)
    pow2gt                                   0x080018dd   Thumb Code    28  cjson.o(.text)
    ensure                                   0x080018f9   Thumb Code   104  cjson.o(.text)
    update                                   0x08001961   Thumb Code    32  cjson.o(.text)
    print_number                             0x08001981   Thumb Code   398  cjson.o(.text)
    parse_hex4                               0x08001b0f   Thumb Code   276  cjson.o(.text)
    parse_string                             0x08001c23   Thumb Code   448  cjson.o(.text)
    print_string_ptr                         0x08001de3   Thumb Code   502  cjson.o(.text)
    print_string                             0x08001fd9   Thumb Code    16  cjson.o(.text)
    skip                                     0x08001fe9   Thumb Code    18  cjson.o(.text)
    parse_object                             0x08001ffb   Thumb Code   272  cjson.o(.text)
    parse_array                              0x0800210b   Thumb Code   168  cjson.o(.text)
    parse_value                              0x080021b3   Thumb Code   210  cjson.o(.text)
    print_object                             0x080022f5   Thumb Code  1052  cjson.o(.text)
    print_array                              0x08002711   Thumb Code   578  cjson.o(.text)
    print_value                              0x08002953   Thumb Code   290  cjson.o(.text)
    suffix_object                            0x08002b11   Thumb Code     6  cjson.o(.text)
    create_reference                         0x08002b17   Thumb Code    48  cjson.o(.text)
    .text                                    0x080030a0   Section        0  edpkit.o(.text)
    FormatAt                                 0x080030a3   Thumb Code     6  edpkit.o(.text)
    PacketSavedataType1Int                   0x080035fd   Thumb Code   224  edpkit.o(.text)
    PacketSavedataType1Double                0x080036dd   Thumb Code   216  edpkit.o(.text)
    PacketSavedataType1String                0x080037b5   Thumb Code   270  edpkit.o(.text)
    PacketSavedataType2Int                   0x080038c3   Thumb Code    68  edpkit.o(.text)
    PacketSavedataType2Double                0x08003907   Thumb Code    70  edpkit.o(.text)
    PacketSavedataType2String                0x0800394d   Thumb Code    68  edpkit.o(.text)
    PacketSavedataType3Int                   0x08003991   Thumb Code   110  edpkit.o(.text)
    PacketSavedataType3Double                0x080039ff   Thumb Code   110  edpkit.o(.text)
    PacketSavedataType3String                0x08003a6d   Thumb Code   108  edpkit.o(.text)
    UnpackSavedataType1Int                   0x08003c51   Thumb Code   202  edpkit.o(.text)
    UnpackSavedataType1Double                0x08003d1b   Thumb Code   206  edpkit.o(.text)
    UnpackSavedataType1String                0x08003de9   Thumb Code   246  edpkit.o(.text)
    UnpackSavedataType2Int                   0x08003edf   Thumb Code    96  edpkit.o(.text)
    UnpackSavedataType2Double                0x08003f3f   Thumb Code   100  edpkit.o(.text)
    UnpackSavedataType2String                0x08003fa3   Thumb Code   140  edpkit.o(.text)
    UnpackSavedataType3Int                   0x0800402f   Thumb Code   110  edpkit.o(.text)
    UnpackSavedataType3Double                0x0800409d   Thumb Code   114  edpkit.o(.text)
    UnpackSavedataType3String                0x0800410f   Thumb Code   148  edpkit.o(.text)
    .text                                    0x080048d8   Section        0  esp8266.o(.text)
    .text                                    0x08005028   Section        0  tolower.o(.text)
    .text                                    0x08005034   Section        0  memmovea.o(.text)
    .text                                    0x08005074   Section        0  memseta.o(.text)
    .text                                    0x08005098   Section        0  strcat.o(.text)
    .text                                    0x080050b0   Section        0  strstr.o(.text)
    .text                                    0x080050d4   Section        0  strncpy.o(.text)
    .text                                    0x080050ec   Section        0  strchr.o(.text)
    .text                                    0x08005100   Section        0  strlen.o(.text)
    .text                                    0x0800510e   Section        0  strcpy.o(.text)
    .text                                    0x08005120   Section        0  strncmp.o(.text)
    .text                                    0x0800513e   Section        0  dadd.o(.text)
    .text                                    0x0800528c   Section        0  dmul.o(.text)
    .text                                    0x08005370   Section        0  dflti.o(.text)
    .text                                    0x08005392   Section        0  dfixi.o(.text)
    .text                                    0x080053d0   Section        0  f2d.o(.text)
    .text                                    0x080053f8   Section       48  cdcmple.o(.text)
    .text                                    0x08005428   Section       48  cdrcmple.o(.text)
    .text                                    0x08005458   Section        0  uidiv.o(.text)
    .text                                    0x08005484   Section        0  uldiv.o(.text)
    .text                                    0x080054e6   Section        0  llshl.o(.text)
    .text                                    0x08005504   Section        0  llushr.o(.text)
    .text                                    0x08005524   Section        0  llsshr.o(.text)
    .text                                    0x08005548   Section        0  depilogue.o(.text)
    .text                                    0x08005548   Section        0  iusefp.o(.text)
    .text                                    0x08005602   Section        0  ddiv.o(.text)
    .text                                    0x080056e0   Section        0  dscalb.o(.text)
    .text                                    0x0800570e   Section        0  dfixul.o(.text)
    .text                                    0x08005740   Section       36  init.o(.text)
    .text                                    0x08005764   Section        0  dsqrt.o(.text)
    i.__0printf                              0x08005808   Section        0  printfa.o(i.__0printf)
    i.__0sprintf                             0x08005828   Section        0  printfa.o(i.__0sprintf)
    i.__ARM_fpclassify                       0x08005850   Section        0  fpclassify.o(i.__ARM_fpclassify)
    i.__kernel_poly                          0x08005878   Section        0  poly.o(i.__kernel_poly)
    i.__mathlib_dbl_divzero                  0x08005924   Section        0  dunder.o(i.__mathlib_dbl_divzero)
    i.__mathlib_dbl_infnan2                  0x08005934   Section        0  dunder.o(i.__mathlib_dbl_infnan2)
    i.__mathlib_dbl_invalid                  0x08005938   Section        0  dunder.o(i.__mathlib_dbl_invalid)
    i.__mathlib_dbl_overflow                 0x08005944   Section        0  dunder.o(i.__mathlib_dbl_overflow)
    i.__mathlib_dbl_underflow                0x08005954   Section        0  dunder.o(i.__mathlib_dbl_underflow)
    i.__scatterload_copy                     0x08005964   Section       14  handlers.o(i.__scatterload_copy)
    i.__scatterload_null                     0x08005972   Section        2  handlers.o(i.__scatterload_null)
    i.__scatterload_zeroinit                 0x08005974   Section       14  handlers.o(i.__scatterload_zeroinit)
    i.__set_errno                            0x08005984   Section        0  errno.o(i.__set_errno)
    i._fp_digits                             0x08005990   Section        0  printfa.o(i._fp_digits)
    _fp_digits                               0x08005991   Thumb Code   334  printfa.o(i._fp_digits)
    i._printf_core                           0x08005af4   Section        0  printfa.o(i._printf_core)
    _printf_core                             0x08005af5   Thumb Code  1744  printfa.o(i._printf_core)
    i._printf_post_padding                   0x080061d0   Section        0  printfa.o(i._printf_post_padding)
    _printf_post_padding                     0x080061d1   Thumb Code    36  printfa.o(i._printf_post_padding)
    i._printf_pre_padding                    0x080061f4   Section        0  printfa.o(i._printf_pre_padding)
    _printf_pre_padding                      0x080061f5   Thumb Code    46  printfa.o(i._printf_pre_padding)
    i._sputc                                 0x08006222   Section        0  printfa.o(i._sputc)
    _sputc                                   0x08006223   Thumb Code    10  printfa.o(i._sputc)
    i.floor                                  0x0800622c   Section        0  floor.o(i.floor)
    i.free                                   0x08006308   Section        0  malloc.o(i.free)
    i.malloc                                 0x08006358   Section        0  malloc.o(i.malloc)
    i.pow                                    0x080063c4   Section        0  pow.o(i.pow)
    i.sqrt                                   0x08006d7c   Section        0  sqrt.o(i.sqrt)
    .constdata                               0x08006dc8   Section        7  cjson.o(.constdata)
    firstByteMark                            0x08006dc8   Data           7  cjson.o(.constdata)
    .constdata                               0x08006dd0   Section      136  pow.o(.constdata)
    bp                                       0x08006dd0   Data          16  pow.o(.constdata)
    dp_h                                     0x08006de0   Data          16  pow.o(.constdata)
    dp_l                                     0x08006df0   Data          16  pow.o(.constdata)
    L                                        0x08006e00   Data          48  pow.o(.constdata)
    P                                        0x08006e30   Data          40  pow.o(.constdata)
    .constdata                               0x08006e58   Section        8  qnan.o(.constdata)
    .data                                    0x20000000   Section       20  system_stm32f10x.o(.data)
    .data                                    0x20000014   Section       20  stm32f10x_rcc.o(.data)
    APBAHBPrescTable                         0x20000014   Data          16  stm32f10x_rcc.o(.data)
    ADCPrescTable                            0x20000024   Data           4  stm32f10x_rcc.o(.data)
    .data                                    0x20000028   Section       12  usart2.o(.data)
    .data                                    0x20000034   Section        1  led.o(.data)
    .data                                    0x20000036   Section        4  delay.o(.data)
    fac_us                                   0x20000036   Data           1  delay.o(.data)
    fac_ms                                   0x20000038   Data           2  delay.o(.data)
    .data                                    0x2000003c   Section       12  cjson.o(.data)
    ep                                       0x2000003c   Data           4  cjson.o(.data)
    cJSON_malloc                             0x20000040   Data           4  cjson.o(.data)
    cJSON_free                               0x20000044   Data           4  cjson.o(.data)
    .data                                    0x20000048   Section        4  esp8266.o(.data)
    .data                                    0x2000004c   Section        4  stdout.o(.data)
    .data                                    0x20000050   Section        4  mvars.o(.data)
    .data                                    0x20000054   Section        4  mvars.o(.data)
    .data                                    0x20000058   Section        4  errno.o(.data)
    _errno                                   0x20000058   Data           4  errno.o(.data)
    .bss                                     0x2000005c   Section     1280  usart2.o(.bss)
    .bss                                     0x2000055c   Section     1024  esp8266.o(.bss)
    HEAP                                     0x20000960   Section      512  startup_stm32f10x_hd.o(HEAP)
    STACK                                    0x20000b60   Section     1024  startup_stm32f10x_hd.o(STACK)

    Global Symbols

    Symbol Name                              Value     Ov Type        Size  Object(Section)

    BuildAttributes$$THM_ISAv4$P$D$K$B$S$PE$A:L22UL41UL21$X:L11$S22US41US21$IEEE1$IW$USESV6$~STKCKD$USESV7$~SHL$OTIME$ROPI$IEEEX$EBA8$MICROLIB$REQ8$PRES8$EABIv2 0x00000000   Number         0  anon$$obj.o ABSOLUTE
    __ARM_use_no_argv                        0x00000000   Number         0  main.o ABSOLUTE
    _printf_a                                0x00000000   Number         0  stubs.o ABSOLUTE
    _printf_c                                0x00000000   Number         0  stubs.o ABSOLUTE
    _printf_charcount                        0x00000000   Number         0  stubs.o ABSOLUTE
    _printf_d                                0x00000000   Number         0  stubs.o ABSOLUTE
    _printf_e                                0x00000000   Number         0  stubs.o ABSOLUTE
    _printf_f                                0x00000000   Number         0  stubs.o ABSOLUTE
    _printf_flags                            0x00000000   Number         0  stubs.o ABSOLUTE
    _printf_fp_dec                           0x00000000   Number         0  stubs.o ABSOLUTE
    _printf_fp_hex                           0x00000000   Number         0  stubs.o ABSOLUTE
    _printf_g                                0x00000000   Number         0  stubs.o ABSOLUTE
    _printf_i                                0x00000000   Number         0  stubs.o ABSOLUTE
    _printf_int_dec                          0x00000000   Number         0  stubs.o ABSOLUTE
    _printf_l                                0x00000000   Number         0  stubs.o ABSOLUTE
    _printf_lc                               0x00000000   Number         0  stubs.o ABSOLUTE
    _printf_ll                               0x00000000   Number         0  stubs.o ABSOLUTE
    _printf_lld                              0x00000000   Number         0  stubs.o ABSOLUTE
    _printf_lli                              0x00000000   Number         0  stubs.o ABSOLUTE
    _printf_llo                              0x00000000   Number         0  stubs.o ABSOLUTE
    _printf_llu                              0x00000000   Number         0  stubs.o ABSOLUTE
    _printf_llx                              0x00000000   Number         0  stubs.o ABSOLUTE
    _printf_longlong_dec                     0x00000000   Number         0  stubs.o ABSOLUTE
    _printf_longlong_hex                     0x00000000   Number         0  stubs.o ABSOLUTE
    _printf_longlong_oct                     0x00000000   Number         0  stubs.o ABSOLUTE
    _printf_ls                               0x00000000   Number         0  stubs.o ABSOLUTE
    _printf_mbtowc                           0x00000000   Number         0  stubs.o ABSOLUTE
    _printf_n                                0x00000000   Number         0  stubs.o ABSOLUTE
    _printf_o                                0x00000000   Number         0  stubs.o ABSOLUTE
    _printf_p                                0x00000000   Number         0  stubs.o ABSOLUTE
    _printf_percent                          0x00000000   Number         0  stubs.o ABSOLUTE
    _printf_pre_padding                      0x00000000   Number         0  stubs.o ABSOLUTE
    _printf_return_value                     0x00000000   Number         0  stubs.o ABSOLUTE
    _printf_s                                0x00000000   Number         0  stubs.o ABSOLUTE
    _printf_sizespec                         0x00000000   Number         0  stubs.o ABSOLUTE
    _printf_str                              0x00000000   Number         0  stubs.o ABSOLUTE
    _printf_truncate_signed                  0x00000000   Number         0  stubs.o ABSOLUTE
    _printf_truncate_unsigned                0x00000000   Number         0  stubs.o ABSOLUTE
    _printf_u                                0x00000000   Number         0  stubs.o ABSOLUTE
    _printf_wc                               0x00000000   Number         0  stubs.o ABSOLUTE
    _printf_wctomb                           0x00000000   Number         0  stubs.o ABSOLUTE
    _printf_widthprec                        0x00000000   Number         0  stubs.o ABSOLUTE
    _printf_x                                0x00000000   Number         0  stubs.o ABSOLUTE
    __cpp_initialize__aeabi_                  - Undefined Weak Reference
    __cxa_finalize                            - Undefined Weak Reference
    __decompress                              - Undefined Weak Reference
    _clock_init                               - Undefined Weak Reference
    _microlib_exit                            - Undefined Weak Reference
    __Vectors_Size                           0x00000130   Number         0  startup_stm32f10x_hd.o ABSOLUTE
    __Vectors                                0x08000000   Data           4  startup_stm32f10x_hd.o(RESET)
    __Vectors_End                            0x08000130   Data           0  startup_stm32f10x_hd.o(RESET)
    __main                                   0x08000131   Thumb Code     0  entry.o(.ARM.Collect$$$$00000000)
    _main_stk                                0x08000131   Thumb Code     0  entry2.o(.ARM.Collect$$$$00000001)
    _main_scatterload                        0x08000135   Thumb Code     0  entry5.o(.ARM.Collect$$$$00000004)
    __main_after_scatterload                 0x08000139   Thumb Code     0  entry5.o(.ARM.Collect$$$$00000004)
    _main_clock                              0x08000139   Thumb Code     0  entry7b.o(.ARM.Collect$$$$00000008)
    _main_cpp_init                           0x08000139   Thumb Code     0  entry8b.o(.ARM.Collect$$$$0000000A)
    _main_init                               0x08000139   Thumb Code     0  entry9a.o(.ARM.Collect$$$$0000000B)
    __rt_final_cpp                           0x08000141   Thumb Code     0  entry10a.o(.ARM.Collect$$$$0000000D)
    __rt_final_exit                          0x08000141   Thumb Code     0  entry11a.o(.ARM.Collect$$$$0000000F)
    SystemInit                               0x08000223   Thumb Code    78  system_stm32f10x.o(.text)
    SystemCoreClockUpdate                    0x08000271   Thumb Code   142  system_stm32f10x.o(.text)
    Reset_Handler                            0x08000325   Thumb Code     8  startup_stm32f10x_hd.o(.text)
    ADC1_2_IRQHandler                        0x0800033f   Thumb Code     0  startup_stm32f10x_hd.o(.text)
    ADC3_IRQHandler                          0x0800033f   Thumb Code     0  startup_stm32f10x_hd.o(.text)
    CAN1_RX1_IRQHandler                      0x0800033f   Thumb Code     0  startup_stm32f10x_hd.o(.text)
    CAN1_SCE_IRQHandler                      0x0800033f   Thumb Code     0  startup_stm32f10x_hd.o(.text)
    DMA1_Channel1_IRQHandler                 0x0800033f   Thumb Code     0  startup_stm32f10x_hd.o(.text)
    DMA1_Channel2_IRQHandler                 0x0800033f   Thumb Code     0  startup_stm32f10x_hd.o(.text)
    DMA1_Channel3_IRQHandler                 0x0800033f   Thumb Code     0  startup_stm32f10x_hd.o(.text)
    DMA1_Channel4_IRQHandler                 0x0800033f   Thumb Code     0  startup_stm32f10x_hd.o(.text)
    DMA1_Channel5_IRQHandler                 0x0800033f   Thumb Code     0  startup_stm32f10x_hd.o(.text)
    DMA1_Channel6_IRQHandler                 0x0800033f   Thumb Code     0  startup_stm32f10x_hd.o(.text)
    DMA1_Channel7_IRQHandler                 0x0800033f   Thumb Code     0  startup_stm32f10x_hd.o(.text)
    DMA2_Channel1_IRQHandler                 0x0800033f   Thumb Code     0  startup_stm32f10x_hd.o(.text)
    DMA2_Channel2_IRQHandler                 0x0800033f   Thumb Code     0  startup_stm32f10x_hd.o(.text)
    DMA2_Channel3_IRQHandler                 0x0800033f   Thumb Code     0  startup_stm32f10x_hd.o(.text)
    DMA2_Channel4_5_IRQHandler               0x0800033f   Thumb Code     0  startup_stm32f10x_hd.o(.text)
    EXTI15_10_IRQHandler                     0x0800033f   Thumb Code     0  startup_stm32f10x_hd.o(.text)
    EXTI1_IRQHandler                         0x0800033f   Thumb Code     0  startup_stm32f10x_hd.o(.text)
    EXTI2_IRQHandler                         0x0800033f   Thumb Code     0  startup_stm32f10x_hd.o(.text)
    EXTI3_IRQHandler                         0x0800033f   Thumb Code     0  startup_stm32f10x_hd.o(.text)
    EXTI9_5_IRQHandler                       0x0800033f   Thumb Code     0  startup_stm32f10x_hd.o(.text)
    FLASH_IRQHandler                         0x0800033f   Thumb Code     0  startup_stm32f10x_hd.o(.text)
    FSMC_IRQHandler                          0x0800033f   Thumb Code     0  startup_stm32f10x_hd.o(.text)
    I2C1_ER_IRQHandler                       0x0800033f   Thumb Code     0  startup_stm32f10x_hd.o(.text)
    I2C1_EV_IRQHandler                       0x0800033f   Thumb Code     0  startup_stm32f10x_hd.o(.text)
    I2C2_ER_IRQHandler                       0x0800033f   Thumb Code     0  startup_stm32f10x_hd.o(.text)
    I2C2_EV_IRQHandler                       0x0800033f   Thumb Code     0  startup_stm32f10x_hd.o(.text)
    PVD_IRQHandler                           0x0800033f   Thumb Code     0  startup_stm32f10x_hd.o(.text)
    RCC_IRQHandler                           0x0800033f   Thumb Code     0  startup_stm32f10x_hd.o(.text)
    RTCAlarm_IRQHandler                      0x0800033f   Thumb Code     0  startup_stm32f10x_hd.o(.text)
    SDIO_IRQHandler                          0x0800033f   Thumb Code     0  startup_stm32f10x_hd.o(.text)
    SPI1_IRQHandler                          0x0800033f   Thumb Code     0  startup_stm32f10x_hd.o(.text)
    SPI2_IRQHandler                          0x0800033f   Thumb Code     0  startup_stm32f10x_hd.o(.text)
    SPI3_IRQHandler                          0x0800033f   Thumb Code     0  startup_stm32f10x_hd.o(.text)
    TAMPER_IRQHandler                        0x0800033f   Thumb Code     0  startup_stm32f10x_hd.o(.text)
    TIM1_BRK_IRQHandler                      0x0800033f   Thumb Code     0  startup_stm32f10x_hd.o(.text)
    TIM1_CC_IRQHandler                       0x0800033f   Thumb Code     0  startup_stm32f10x_hd.o(.text)
    TIM1_TRG_COM_IRQHandler                  0x0800033f   Thumb Code     0  startup_stm32f10x_hd.o(.text)
    TIM1_UP_IRQHandler                       0x0800033f   Thumb Code     0  startup_stm32f10x_hd.o(.text)
    TIM2_IRQHandler                          0x0800033f   Thumb Code     0  startup_stm32f10x_hd.o(.text)
    TIM3_IRQHandler                          0x0800033f   Thumb Code     0  startup_stm32f10x_hd.o(.text)
    TIM4_IRQHandler                          0x0800033f   Thumb Code     0  startup_stm32f10x_hd.o(.text)
    TIM5_IRQHandler                          0x0800033f   Thumb Code     0  startup_stm32f10x_hd.o(.text)
    TIM6_IRQHandler                          0x0800033f   Thumb Code     0  startup_stm32f10x_hd.o(.text)
    TIM7_IRQHandler                          0x0800033f   Thumb Code     0  startup_stm32f10x_hd.o(.text)
    TIM8_BRK_IRQHandler                      0x0800033f   Thumb Code     0  startup_stm32f10x_hd.o(.text)
    TIM8_CC_IRQHandler                       0x0800033f   Thumb Code     0  startup_stm32f10x_hd.o(.text)
    TIM8_TRG_COM_IRQHandler                  0x0800033f   Thumb Code     0  startup_stm32f10x_hd.o(.text)
    TIM8_UP_IRQHandler                       0x0800033f   Thumb Code     0  startup_stm32f10x_hd.o(.text)
    UART4_IRQHandler                         0x0800033f   Thumb Code     0  startup_stm32f10x_hd.o(.text)
    UART5_IRQHandler                         0x0800033f   Thumb Code     0  startup_stm32f10x_hd.o(.text)
    USART3_IRQHandler                        0x0800033f   Thumb Code     0  startup_stm32f10x_hd.o(.text)
    USBWakeUp_IRQHandler                     0x0800033f   Thumb Code     0  startup_stm32f10x_hd.o(.text)
    USB_HP_CAN1_TX_IRQHandler                0x0800033f   Thumb Code     0  startup_stm32f10x_hd.o(.text)
    USB_LP_CAN1_RX0_IRQHandler               0x0800033f   Thumb Code     0  startup_stm32f10x_hd.o(.text)
    WWDG_IRQHandler                          0x0800033f   Thumb Code     0  startup_stm32f10x_hd.o(.text)
    main                                     0x08000349   Thumb Code    76  main.o(.text)
    NMI_Handler                              0x080003c1   Thumb Code     2  stm32f10x_it.o(.text)
    HardFault_Handler                        0x080003c3   Thumb Code     4  stm32f10x_it.o(.text)
    MemManage_Handler                        0x080003c7   Thumb Code     4  stm32f10x_it.o(.text)
    BusFault_Handler                         0x080003cb   Thumb Code     4  stm32f10x_it.o(.text)
    UsageFault_Handler                       0x080003cf   Thumb Code     4  stm32f10x_it.o(.text)
    SVC_Handler                              0x080003d3   Thumb Code     2  stm32f10x_it.o(.text)
    DebugMon_Handler                         0x080003d5   Thumb Code     2  stm32f10x_it.o(.text)
    PendSV_Handler                           0x080003d7   Thumb Code     2  stm32f10x_it.o(.text)
    SysTick_Handler                          0x080003d9   Thumb Code     2  stm32f10x_it.o(.text)
    EXTI0_IRQHandler                         0x080003db   Thumb Code     2  stm32f10x_it.o(.text)
    USART1_IRQHandler                        0x080003dd   Thumb Code     2  stm32f10x_it.o(.text)
    USART2_IRQHandler                        0x080003df   Thumb Code   122  stm32f10x_it.o(.text)
    RTC_IRQHandler                           0x08000459   Thumb Code     2  stm32f10x_it.o(.text)
    NVIC_PriorityGroupConfig                 0x08000475   Thumb Code    10  misc.o(.text)
    NVIC_Init                                0x0800047f   Thumb Code   100  misc.o(.text)
    NVIC_SetVectorTable                      0x080004e3   Thumb Code    14  misc.o(.text)
    NVIC_SystemLPConfig                      0x080004f1   Thumb Code    34  misc.o(.text)
    SysTick_CLKSourceConfig                  0x08000513   Thumb Code    40  misc.o(.text)
    EXTI_DeInit                              0x08000551   Thumb Code    28  stm32f10x_exti.o(.text)
    EXTI_Init                                0x0800056d   Thumb Code   142  stm32f10x_exti.o(.text)
    EXTI_StructInit                          0x080005fb   Thumb Code    16  stm32f10x_exti.o(.text)
    EXTI_GenerateSWInterrupt                 0x0800060b   Thumb Code    16  stm32f10x_exti.o(.text)
    EXTI_GetFlagStatus                       0x0800061b   Thumb Code    22  stm32f10x_exti.o(.text)
    EXTI_ClearFlag                           0x08000631   Thumb Code     8  stm32f10x_exti.o(.text)
    EXTI_GetITStatus                         0x08000639   Thumb Code    34  stm32f10x_exti.o(.text)
    EXTI_ClearITPendingBit                   0x0800065b   Thumb Code     8  stm32f10x_exti.o(.text)
    GPIO_DeInit                              0x0800066d   Thumb Code   172  stm32f10x_gpio.o(.text)
    GPIO_AFIODeInit                          0x08000719   Thumb Code    20  stm32f10x_gpio.o(.text)
    GPIO_Init                                0x0800072d   Thumb Code   278  stm32f10x_gpio.o(.text)
    GPIO_StructInit                          0x08000843   Thumb Code    16  stm32f10x_gpio.o(.text)
    GPIO_ReadInputDataBit                    0x08000853   Thumb Code    18  stm32f10x_gpio.o(.text)
    GPIO_ReadInputData                       0x08000865   Thumb Code     8  stm32f10x_gpio.o(.text)
    GPIO_ReadOutputDataBit                   0x0800086d   Thumb Code    18  stm32f10x_gpio.o(.text)
    GPIO_ReadOutputData                      0x0800087f   Thumb Code     8  stm32f10x_gpio.o(.text)
    GPIO_SetBits                             0x08000887   Thumb Code     4  stm32f10x_gpio.o(.text)
    GPIO_ResetBits                           0x0800088b   Thumb Code     4  stm32f10x_gpio.o(.text)
    GPIO_WriteBit                            0x0800088f   Thumb Code    10  stm32f10x_gpio.o(.text)
    GPIO_Write                               0x08000899   Thumb Code     4  stm32f10x_gpio.o(.text)
    GPIO_PinLockConfig                       0x0800089d   Thumb Code    18  stm32f10x_gpio.o(.text)
    GPIO_EventOutputConfig                   0x080008af   Thumb Code    26  stm32f10x_gpio.o(.text)
    GPIO_EventOutputCmd                      0x080008c9   Thumb Code     6  stm32f10x_gpio.o(.text)
    GPIO_PinRemapConfig                      0x080008cf   Thumb Code   138  stm32f10x_gpio.o(.text)
    GPIO_EXTILineConfig                      0x08000959   Thumb Code    66  stm32f10x_gpio.o(.text)
    GPIO_ETH_MediaInterfaceConfig            0x0800099b   Thumb Code     8  stm32f10x_gpio.o(.text)
    RCC_DeInit                               0x080009c9   Thumb Code    64  stm32f10x_rcc.o(.text)
    RCC_HSEConfig                            0x08000a09   Thumb Code    70  stm32f10x_rcc.o(.text)
    RCC_GetFlagStatus                        0x08000a4f   Thumb Code    56  stm32f10x_rcc.o(.text)
    RCC_WaitForHSEStartUp                    0x08000a87   Thumb Code    56  stm32f10x_rcc.o(.text)
    RCC_AdjustHSICalibrationValue            0x08000abf   Thumb Code    20  stm32f10x_rcc.o(.text)
    RCC_HSICmd                               0x08000ad3   Thumb Code     6  stm32f10x_rcc.o(.text)
    RCC_PLLConfig                            0x08000ad9   Thumb Code    24  stm32f10x_rcc.o(.text)
    RCC_PLLCmd                               0x08000af1   Thumb Code     6  stm32f10x_rcc.o(.text)
    RCC_SYSCLKConfig                         0x08000af7   Thumb Code    18  stm32f10x_rcc.o(.text)
    RCC_GetSYSCLKSource                      0x08000b09   Thumb Code    10  stm32f10x_rcc.o(.text)
    RCC_HCLKConfig                           0x08000b13   Thumb Code    18  stm32f10x_rcc.o(.text)
    RCC_PCLK1Config                          0x08000b25   Thumb Code    18  stm32f10x_rcc.o(.text)
    RCC_PCLK2Config                          0x08000b37   Thumb Code    20  stm32f10x_rcc.o(.text)
    RCC_ITConfig                             0x08000b4b   Thumb Code    26  stm32f10x_rcc.o(.text)
    RCC_USBCLKConfig                         0x08000b65   Thumb Code     8  stm32f10x_rcc.o(.text)
    RCC_ADCCLKConfig                         0x08000b6d   Thumb Code    18  stm32f10x_rcc.o(.text)
    RCC_LSEConfig                            0x08000b7f   Thumb Code    50  stm32f10x_rcc.o(.text)
    RCC_LSICmd                               0x08000bb1   Thumb Code     6  stm32f10x_rcc.o(.text)
    RCC_RTCCLKConfig                         0x08000bb7   Thumb Code    12  stm32f10x_rcc.o(.text)
    RCC_RTCCLKCmd                            0x08000bc3   Thumb Code     8  stm32f10x_rcc.o(.text)
    RCC_GetClocksFreq                        0x08000bcb   Thumb Code   192  stm32f10x_rcc.o(.text)
    RCC_AHBPeriphClockCmd                    0x08000c8b   Thumb Code    26  stm32f10x_rcc.o(.text)
    RCC_APB2PeriphClockCmd                   0x08000ca5   Thumb Code    26  stm32f10x_rcc.o(.text)
    RCC_APB1PeriphClockCmd                   0x08000cbf   Thumb Code    26  stm32f10x_rcc.o(.text)
    RCC_APB2PeriphResetCmd                   0x08000cd9   Thumb Code    26  stm32f10x_rcc.o(.text)
    RCC_APB1PeriphResetCmd                   0x08000cf3   Thumb Code    26  stm32f10x_rcc.o(.text)
    RCC_BackupResetCmd                       0x08000d0d   Thumb Code     8  stm32f10x_rcc.o(.text)
    RCC_ClockSecuritySystemCmd               0x08000d15   Thumb Code     6  stm32f10x_rcc.o(.text)
    RCC_MCOConfig                            0x08000d1b   Thumb Code     6  stm32f10x_rcc.o(.text)
    RCC_ClearFlag                            0x08000d21   Thumb Code    14  stm32f10x_rcc.o(.text)
    RCC_GetITStatus                          0x08000d2f   Thumb Code    20  stm32f10x_rcc.o(.text)
    RCC_ClearITPendingBit                    0x08000d43   Thumb Code     6  stm32f10x_rcc.o(.text)
    USART_DeInit                             0x08000d6d   Thumb Code   134  stm32f10x_usart.o(.text)
    USART_Init                               0x08000df3   Thumb Code   210  stm32f10x_usart.o(.text)
    USART_StructInit                         0x08000ec5   Thumb Code    24  stm32f10x_usart.o(.text)
    USART_ClockInit                          0x08000edd   Thumb Code    34  stm32f10x_usart.o(.text)
    USART_ClockStructInit                    0x08000eff   Thumb Code    12  stm32f10x_usart.o(.text)
    USART_Cmd                                0x08000f0b   Thumb Code    24  stm32f10x_usart.o(.text)
    USART_ITConfig                           0x08000f23   Thumb Code    74  stm32f10x_usart.o(.text)
    USART_DMACmd                             0x08000f6d   Thumb Code    18  stm32f10x_usart.o(.text)
    USART_SetAddress                         0x08000f7f   Thumb Code    18  stm32f10x_usart.o(.text)
    USART_WakeUpConfig                       0x08000f91   Thumb Code    18  stm32f10x_usart.o(.text)
    USART_ReceiverWakeUpCmd                  0x08000fa3   Thumb Code    24  stm32f10x_usart.o(.text)
    USART_LINBreakDetectLengthConfig         0x08000fbb   Thumb Code    18  stm32f10x_usart.o(.text)
    USART_LINCmd                             0x08000fcd   Thumb Code    24  stm32f10x_usart.o(.text)
    USART_SendData                           0x08000fe5   Thumb Code     8  stm32f10x_usart.o(.text)
    USART_ReceiveData                        0x08000fed   Thumb Code    10  stm32f10x_usart.o(.text)
    USART_SendBreak                          0x08000ff7   Thumb Code    10  stm32f10x_usart.o(.text)
    USART_SetGuardTime                       0x08001001   Thumb Code    16  stm32f10x_usart.o(.text)
    USART_SetPrescaler                       0x08001011   Thumb Code    16  stm32f10x_usart.o(.text)
    USART_SmartCardCmd                       0x08001021   Thumb Code    24  stm32f10x_usart.o(.text)
    USART_SmartCardNACKCmd                   0x08001039   Thumb Code    24  stm32f10x_usart.o(.text)
    USART_HalfDuplexCmd                      0x08001051   Thumb Code    24  stm32f10x_usart.o(.text)
    USART_OverSampling8Cmd                   0x08001069   Thumb Code    22  stm32f10x_usart.o(.text)
    USART_OneBitMethodCmd                    0x0800107f   Thumb Code    24  stm32f10x_usart.o(.text)
    USART_IrDAConfig                         0x08001097   Thumb Code    18  stm32f10x_usart.o(.text)
    USART_IrDACmd                            0x080010a9   Thumb Code    24  stm32f10x_usart.o(.text)
    USART_GetFlagStatus                      0x080010c1   Thumb Code    26  stm32f10x_usart.o(.text)
    USART_ClearFlag                          0x080010db   Thumb Code    18  stm32f10x_usart.o(.text)
    USART_GetITStatus                        0x080010ed   Thumb Code    84  stm32f10x_usart.o(.text)
    USART_ClearITPendingBit                  0x08001141   Thumb Code    52  stm32f10x_usart.o(.text)
    fputc                                    0x08001175   Thumb Code    32  usart1.o(.text)
    USART1_Init                              0x08001195   Thumb Code   152  usart1.o(.text)
    usart1_write                             0x0800122d   Thumb Code    50  usart1.o(.text)
    USART2_Init                              0x08001269   Thumb Code   158  usart2.o(.text)
    usart2_write                             0x08001307   Thumb Code    56  usart2.o(.text)
    LED_Init                                 0x08001349   Thumb Code    46  led.o(.text)
    LED_CmdCtl                               0x08001377   Thumb Code    74  led.o(.text)
    LED_Switch                               0x080013c1   Thumb Code    48  led.o(.text)
    LED_GetValue                             0x080013f1   Thumb Code    28  led.o(.text)
    mDelay                                   0x08001429   Thumb Code    26  key.o(.text)
    KEY_Init                                 0x08001443   Thumb Code   178  key.o(.text)
    EXTI4_IRQHandler                         0x080014f5   Thumb Code    64  key.o(.text)
    delay_init                               0x08001541   Thumb Code    50  delay.o(.text)
    delay_us                                 0x08001573   Thumb Code    72  delay.o(.text)
    delay_ms                                 0x080015bb   Thumb Code    72  delay.o(.text)
    cJSON_GetErrorPtr                        0x08001615   Thumb Code     6  cjson.o(.text)
    cJSON_InitHooks                          0x08001691   Thumb Code    48  cjson.o(.text)
    cJSON_Delete                             0x080016db   Thumb Code    82  cjson.o(.text)
    cJSON_ParseWithOpts                      0x08002285   Thumb Code    96  cjson.o(.text)
    cJSON_Parse                              0x080022e5   Thumb Code    16  cjson.o(.text)
    cJSON_Print                              0x08002a75   Thumb Code    18  cjson.o(.text)
    cJSON_PrintUnformatted                   0x08002a87   Thumb Code    18  cjson.o(.text)
    cJSON_PrintBuffered                      0x08002a99   Thumb Code    54  cjson.o(.text)
    cJSON_GetArraySize                       0x08002acf   Thumb Code    18  cjson.o(.text)
    cJSON_GetArrayItem                       0x08002ae1   Thumb Code    18  cjson.o(.text)
    cJSON_GetObjectItem                      0x08002af3   Thumb Code    30  cjson.o(.text)
    cJSON_AddItemToArray                     0x08002b47   Thumb Code    42  cjson.o(.text)
    cJSON_AddItemToObject                    0x08002b71   Thumb Code    44  cjson.o(.text)
    cJSON_AddItemToObjectCS                  0x08002b9d   Thumb Code    54  cjson.o(.text)
    cJSON_AddItemReferenceToArray            0x08002bd3   Thumb Code    24  cjson.o(.text)
    cJSON_AddItemReferenceToObject           0x08002beb   Thumb Code    32  cjson.o(.text)
    cJSON_DetachItemFromArray                0x08002c0b   Thumb Code    66  cjson.o(.text)
    cJSON_DeleteItemFromArray                0x08002c4d   Thumb Code    22  cjson.o(.text)
    cJSON_DetachItemFromObject               0x08002c63   Thumb Code    50  cjson.o(.text)
    cJSON_DeleteItemFromObject               0x08002c95   Thumb Code    22  cjson.o(.text)
    cJSON_InsertItemInArray                  0x08002cab   Thumb Code    64  cjson.o(.text)
    cJSON_ReplaceItemInArray                 0x08002ceb   Thumb Code    76  cjson.o(.text)
    cJSON_ReplaceItemInObject                0x08002d37   Thumb Code    62  cjson.o(.text)
    cJSON_CreateNull                         0x08002d75   Thumb Code    18  cjson.o(.text)
    cJSON_CreateTrue                         0x08002d87   Thumb Code    18  cjson.o(.text)
    cJSON_CreateFalse                        0x08002d99   Thumb Code    18  cjson.o(.text)
    cJSON_CreateBool                         0x08002dab   Thumb Code    26  cjson.o(.text)
    cJSON_CreateNumber                       0x08002dc5   Thumb Code    36  cjson.o(.text)
    cJSON_CreateString                       0x08002de9   Thumb Code    28  cjson.o(.text)
    cJSON_CreateArray                        0x08002e05   Thumb Code    18  cjson.o(.text)
    cJSON_CreateObject                       0x08002e17   Thumb Code    18  cjson.o(.text)
    cJSON_CreateIntArray                     0x08002e29   Thumb Code    68  cjson.o(.text)
    cJSON_CreateFloatArray                   0x08002e6d   Thumb Code    68  cjson.o(.text)
    cJSON_CreateDoubleArray                  0x08002eb1   Thumb Code    68  cjson.o(.text)
    cJSON_CreateStringArray                  0x08002ef5   Thumb Code    62  cjson.o(.text)
    cJSON_Duplicate                          0x08002f33   Thumb Code   180  cjson.o(.text)
    cJSON_Minify                             0x08002fe7   Thumb Code   186  cjson.o(.text)
    assert                                   0x080030a1   Thumb Code     2  edpkit.o(.text)
    NewBuffer                                0x080030a9   Thumb Code    36  edpkit.o(.text)
    DeleteBuffer                             0x080030cd   Thumb Code    26  edpkit.o(.text)
    CheckCapacity                            0x080030e7   Thumb Code    90  edpkit.o(.text)
    ReadByte                                 0x08003141   Thumb Code    36  edpkit.o(.text)
    ReadBytes                                0x08003165   Thumb Code    56  edpkit.o(.text)
    ReadUint16                               0x0800319d   Thumb Code    54  edpkit.o(.text)
    ReadUint32                               0x080031d3   Thumb Code    54  edpkit.o(.text)
    ReadStr                                  0x08003209   Thumb Code   102  edpkit.o(.text)
    ReadRemainlen                            0x0800326f   Thumb Code    84  edpkit.o(.text)
    WriteByte                                0x080032c3   Thumb Code    54  edpkit.o(.text)
    WriteBytes                               0x080032f9   Thumb Code    64  edpkit.o(.text)
    WriteUint16                              0x08003339   Thumb Code    50  edpkit.o(.text)
    WriteUint32                              0x0800336b   Thumb Code    74  edpkit.o(.text)
    WriteStr                                 0x080033b5   Thumb Code    62  edpkit.o(.text)
    WriteRemainlen                           0x080033f3   Thumb Code    80  edpkit.o(.text)
    PacketConnect1                           0x08003443   Thumb Code   106  edpkit.o(.text)
    PacketConnect2                           0x080034ad   Thumb Code   124  edpkit.o(.text)
    PacketPushdata                           0x08003529   Thumb Code    70  edpkit.o(.text)
    PacketSavedataJson                       0x0800356f   Thumb Code   142  edpkit.o(.text)
    PacketSavedataInt                        0x08003ad9   Thumb Code    98  edpkit.o(.text)
    PacketSavedataDouble                     0x08003b3b   Thumb Code   112  edpkit.o(.text)
    PacketSavedataString                     0x08003bab   Thumb Code    98  edpkit.o(.text)
    UnpackSavedataJson                       0x08003c0d   Thumb Code    68  edpkit.o(.text)
    UnpackSavedataInt                        0x080041a3   Thumb Code    88  edpkit.o(.text)
    UnpackSavedataDouble                     0x080041fb   Thumb Code    88  edpkit.o(.text)
    UnpackSavedataString                     0x08004253   Thumb Code    88  edpkit.o(.text)
    UnpackSavedataAck                        0x080042ab   Thumb Code    86  edpkit.o(.text)
    PacketSavedataBin                        0x08004301   Thumb Code   200  edpkit.o(.text)
    PacketSavedataBinStr                     0x080043c9   Thumb Code   182  edpkit.o(.text)
    PacketCmdResp                            0x0800447f   Thumb Code    98  edpkit.o(.text)
    PacketPing                               0x080044e1   Thumb Code    30  edpkit.o(.text)
    IsPkgComplete                            0x080044ff   Thumb Code    98  edpkit.o(.text)
    GetEdpPacket                             0x08004561   Thumb Code    80  edpkit.o(.text)
    EdpPacketType                            0x080045b1   Thumb Code    22  edpkit.o(.text)
    UnpackConnectResp                        0x080045c7   Thumb Code    76  edpkit.o(.text)
    UnpackPushdata                           0x08004613   Thumb Code   102  edpkit.o(.text)
    UnpackSavedata                           0x08004679   Thumb Code    88  edpkit.o(.text)
    UnpackSavedataBin                        0x080046d1   Thumb Code   108  edpkit.o(.text)
    UnpackSavedataBinStr                     0x0800473d   Thumb Code    88  edpkit.o(.text)
    UnpackCmdReq                             0x08004795   Thumb Code   128  edpkit.o(.text)
    UnpackPingResp                           0x08004815   Thumb Code    44  edpkit.o(.text)
    PacketSavedataSimpleString               0x08004841   Thumb Code   120  edpkit.o(.text)
    UnpackSavedataSimpleString               0x080048b9   Thumb Code    26  edpkit.o(.text)
    atk_8266_quit_trans                      0x080048d9   Thumb Code    88  esp8266.o(.text)
    SendCmd                                  0x08004931   Thumb Code    78  esp8266.o(.text)
    ESP8266_Init                             0x0800497f   Thumb Code   212  esp8266.o(.text)
    GetSendBuf                               0x08004a53   Thumb Code    76  esp8266.o(.text)
    ESP8266_DevLink                          0x08004a9f   Thumb Code   166  esp8266.o(.text)
    ESP8266_CheckStatus                      0x08004b45   Thumb Code   150  esp8266.o(.text)
    ESP8266_SendDat                          0x08004bdb   Thumb Code  1042  esp8266.o(.text)
    tolower                                  0x08005029   Thumb Code    12  tolower.o(.text)
    ___aeabi_memcpy8$move                    0x08005035   Thumb Code     0  memmovea.o(.text)
    __aeabi_memcpy                           0x08005035   Thumb Code    64  memmovea.o(.text)
    __aeabi_memcpy4                          0x08005035   Thumb Code     0  memmovea.o(.text)
    __aeabi_memmove                          0x08005035   Thumb Code     0  memmovea.o(.text)
    __aeabi_memmove4                         0x08005035   Thumb Code     0  memmovea.o(.text)
    __aeabi_memmove8                         0x08005035   Thumb Code     0  memmovea.o(.text)
    __aeabi_memset                           0x08005075   Thumb Code    14  memseta.o(.text)
    __aeabi_memset4                          0x08005075   Thumb Code     0  memseta.o(.text)
    __aeabi_memset8                          0x08005075   Thumb Code     0  memseta.o(.text)
    __aeabi_memclr                           0x08005083   Thumb Code     4  memseta.o(.text)
    __aeabi_memclr4                          0x08005083   Thumb Code     0  memseta.o(.text)
    __aeabi_memclr8                          0x08005083   Thumb Code     0  memseta.o(.text)
    _memset$wrapper                          0x08005087   Thumb Code    18  memseta.o(.text)
    strcat                                   0x08005099   Thumb Code    24  strcat.o(.text)
    strstr                                   0x080050b1   Thumb Code    36  strstr.o(.text)
    strncpy                                  0x080050d5   Thumb Code    24  strncpy.o(.text)
    strchr                                   0x080050ed   Thumb Code    20  strchr.o(.text)
    strlen                                   0x08005101   Thumb Code    14  strlen.o(.text)
    strcpy                                   0x0800510f   Thumb Code    18  strcpy.o(.text)
    strncmp                                  0x08005121   Thumb Code    30  strncmp.o(.text)
    __aeabi_dadd                             0x0800513f   Thumb Code   322  dadd.o(.text)
    __aeabi_dsub                             0x08005281   Thumb Code     6  dadd.o(.text)
    __aeabi_drsub                            0x08005287   Thumb Code     6  dadd.o(.text)
    __aeabi_dmul                             0x0800528d   Thumb Code   228  dmul.o(.text)
    __aeabi_i2d                              0x08005371   Thumb Code    34  dflti.o(.text)
    __aeabi_d2iz                             0x08005393   Thumb Code    62  dfixi.o(.text)
    __aeabi_f2d                              0x080053d1   Thumb Code    38  f2d.o(.text)
    __aeabi_cdcmpeq                          0x080053f9   Thumb Code     0  cdcmple.o(.text)
    __aeabi_cdcmple                          0x080053f9   Thumb Code    48  cdcmple.o(.text)
    __aeabi_cdrcmple                         0x08005429   Thumb Code    48  cdrcmple.o(.text)
    __aeabi_uidiv                            0x08005459   Thumb Code     0  uidiv.o(.text)
    __aeabi_uidivmod                         0x08005459   Thumb Code    44  uidiv.o(.text)
    __aeabi_uldivmod                         0x08005485   Thumb Code    98  uldiv.o(.text)
    __aeabi_llsl                             0x080054e7   Thumb Code    30  llshl.o(.text)
    _ll_shift_l                              0x080054e7   Thumb Code     0  llshl.o(.text)
    __aeabi_llsr                             0x08005505   Thumb Code    32  llushr.o(.text)
    _ll_ushift_r                             0x08005505   Thumb Code     0  llushr.o(.text)
    __aeabi_lasr                             0x08005525   Thumb Code    36  llsshr.o(.text)
    _ll_sshift_r                             0x08005525   Thumb Code     0  llsshr.o(.text)
    __I$use$fp                               0x08005549   Thumb Code     0  iusefp.o(.text)
    _double_round                            0x08005549   Thumb Code    30  depilogue.o(.text)
    _double_epilogue                         0x08005567   Thumb Code   156  depilogue.o(.text)
    __aeabi_ddiv                             0x08005603   Thumb Code   222  ddiv.o(.text)
    __ARM_scalbn                             0x080056e1   Thumb Code    46  dscalb.o(.text)
    scalbn                                   0x080056e1   Thumb Code     0  dscalb.o(.text)
    __aeabi_d2ulz                            0x0800570f   Thumb Code    48  dfixul.o(.text)
    __scatterload                            0x08005741   Thumb Code    28  init.o(.text)
    __scatterload_rt2                        0x08005741   Thumb Code     0  init.o(.text)
    _dsqrt                                   0x08005765   Thumb Code   162  dsqrt.o(.text)
    __0printf                                0x08005809   Thumb Code    22  printfa.o(i.__0printf)
    __1printf                                0x08005809   Thumb Code     0  printfa.o(i.__0printf)
    __2printf                                0x08005809   Thumb Code     0  printfa.o(i.__0printf)
    __c89printf                              0x08005809   Thumb Code     0  printfa.o(i.__0printf)
    printf                                   0x08005809   Thumb Code     0  printfa.o(i.__0printf)
    __0sprintf                               0x08005829   Thumb Code    34  printfa.o(i.__0sprintf)
    __1sprintf                               0x08005829   Thumb Code     0  printfa.o(i.__0sprintf)
    __2sprintf                               0x08005829   Thumb Code     0  printfa.o(i.__0sprintf)
    __c89sprintf                             0x08005829   Thumb Code     0  printfa.o(i.__0sprintf)
    sprintf                                  0x08005829   Thumb Code     0  printfa.o(i.__0sprintf)
    __ARM_fpclassify                         0x08005851   Thumb Code    40  fpclassify.o(i.__ARM_fpclassify)
    __kernel_poly                            0x08005879   Thumb Code   170  poly.o(i.__kernel_poly)
    __mathlib_dbl_divzero                    0x08005925   Thumb Code    12  dunder.o(i.__mathlib_dbl_divzero)
    __mathlib_dbl_infnan2                    0x08005935   Thumb Code     4  dunder.o(i.__mathlib_dbl_infnan2)
    __mathlib_dbl_invalid                    0x08005939   Thumb Code    12  dunder.o(i.__mathlib_dbl_invalid)
    __mathlib_dbl_overflow                   0x08005945   Thumb Code    14  dunder.o(i.__mathlib_dbl_overflow)
    __mathlib_dbl_underflow                  0x08005955   Thumb Code    10  dunder.o(i.__mathlib_dbl_underflow)
    __scatterload_copy                       0x08005965   Thumb Code    14  handlers.o(i.__scatterload_copy)
    __scatterload_null                       0x08005973   Thumb Code     2  handlers.o(i.__scatterload_null)
    __scatterload_zeroinit                   0x08005975   Thumb Code    14  handlers.o(i.__scatterload_zeroinit)
    __set_errno                              0x08005985   Thumb Code     6  errno.o(i.__set_errno)
    floor                                    0x0800622d   Thumb Code   204  floor.o(i.floor)
    free                                     0x08006309   Thumb Code    76  malloc.o(i.free)
    malloc                                   0x08006359   Thumb Code    92  malloc.o(i.malloc)
    pow                                      0x080063c5   Thumb Code  2478  pow.o(i.pow)
    sqrt                                     0x08006d7d   Thumb Code    76  sqrt.o(i.sqrt)
    __mathlib_zero                           0x08006e58   Data           8  qnan.o(.constdata)
    Region$$Table$$Base                      0x08006e60   Number         0  anon$$obj.o(Region$$Table)
    Region$$Table$$Limit                     0x08006e80   Number         0  anon$$obj.o(Region$$Table)
    SystemCoreClock                          0x20000000   Data           4  system_stm32f10x.o(.data)
    AHBPrescTable                            0x20000004   Data          16  system_stm32f10x.o(.data)
    rcv_cmd_start                            0x20000028   Data           1  usart2.o(.data)
    rcv_cmd_flag                             0x20000029   Data           1  usart2.o(.data)
    usart2_rcv_len                           0x2000002c   Data           4  usart2.o(.data)
    usart2_cmd_len                           0x20000030   Data           4  usart2.o(.data)
    LED0_value                               0x20000034   Data           1  led.o(.data)
    send_pkg                                 0x20000048   Data           4  esp8266.o(.data)
    __stdout                                 0x2000004c   Data           4  stdout.o(.data)
    __microlib_freelist                      0x20000050   Data           4  mvars.o(.data)
    __microlib_freelist_initialised          0x20000054   Data           4  mvars.o(.data)
    usart2_rcv_buf                           0x2000005c   Data        1024  usart2.o(.bss)
    usart2_cmd_buf                           0x2000045c   Data         256  usart2.o(.bss)
    send_buf                                 0x2000055c   Data        1024  esp8266.o(.bss)
    __heap_base                              0x20000960   Data           0  startup_stm32f10x_hd.o(HEAP)
    __heap_limit                             0x20000b60   Data           0  startup_stm32f10x_hd.o(HEAP)
    __initial_sp                             0x20000f60   Data           0  startup_stm32f10x_hd.o(STACK)



==============================================================================

Memory Map of the image

  Image Entry point : 0x08000131

  Load Region LR_IROM1 (Base: 0x08000000, Size: 0x00006edc, Max: 0x00010000, ABSOLUTE)

    Execution Region ER_IROM1 (Base: 0x08000000, Size: 0x00006e80, Max: 0x00010000, ABSOLUTE)

    Base Addr    Size         Type   Attr      Idx    E Section Name        Object

    0x08000000   0x00000130   Data   RO          116    RESET               startup_stm32f10x_hd.o
    0x08000130   0x00000000   Code   RO          511  * .ARM.Collect$$$$00000000  mc_w.l(entry.o)
    0x08000130   0x00000004   Code   RO          872    .ARM.Collect$$$$00000001  mc_w.l(entry2.o)
    0x08000134   0x00000004   Code   RO          875    .ARM.Collect$$$$00000004  mc_w.l(entry5.o)
    0x08000138   0x00000000   Code   RO          877    .ARM.Collect$$$$00000008  mc_w.l(entry7b.o)
    0x08000138   0x00000000   Code   RO          879    .ARM.Collect$$$$0000000A  mc_w.l(entry8b.o)
    0x08000138   0x00000008   Code   RO          880    .ARM.Collect$$$$0000000B  mc_w.l(entry9a.o)
    0x08000140   0x00000000   Code   RO          882    .ARM.Collect$$$$0000000D  mc_w.l(entry10a.o)
    0x08000140   0x00000000   Code   RO          884    .ARM.Collect$$$$0000000F  mc_w.l(entry11a.o)
    0x08000140   0x00000004   Code   RO          873    .ARM.Collect$$$$00002712  mc_w.l(entry2.o)
    0x08000144   0x000001e0   Code   RO           17    .text               system_stm32f10x.o
    0x08000324   0x00000024   Code   RO          117    .text               startup_stm32f10x_hd.o
    0x08000348   0x00000078   Code   RO          121    .text               main.o
    0x080003c0   0x000000b4   Code   RO          190    .text               stm32f10x_it.o
    0x08000474   0x000000dc   Code   RO          216    .text               misc.o
    0x08000550   0x0000011c   Code   RO          228    .text               stm32f10x_exti.o
    0x0800066c   0x0000035c   Code   RO          252    .text               stm32f10x_gpio.o
    0x080009c8   0x000003a4   Code   RO          276    .text               stm32f10x_rcc.o
    0x08000d6c   0x00000408   Code   RO          290    .text               stm32f10x_usart.o
    0x08001174   0x000000f4   Code   RO          302    .text               usart1.o
    0x08001268   0x000000e0   Code   RO          321    .text               usart2.o
    0x08001348   0x000000e0   Code   RO          340    .text               led.o
    0x08001428   0x00000118   Code   RO          358    .text               key.o
    0x08001540   0x000000d4   Code   RO          382    .text               delay.o
    0x08001614   0x00001a8c   Code   RO          412    .text               cjson.o
    0x080030a0   0x00001838   Code   RO          454    .text               edpkit.o
    0x080048d8   0x00000750   Code   RO          478    .text               esp8266.o
    0x08005028   0x0000000c   Code   RO          514    .text               mc_w.l(tolower.o)
    0x08005034   0x00000040   Code   RO          518    .text               mc_w.l(memmovea.o)
    0x08005074   0x00000024   Code   RO          520    .text               mc_w.l(memseta.o)
    0x08005098   0x00000018   Code   RO          522    .text               mc_w.l(strcat.o)
    0x080050b0   0x00000024   Code   RO          524    .text               mc_w.l(strstr.o)
    0x080050d4   0x00000018   Code   RO          526    .text               mc_w.l(strncpy.o)
    0x080050ec   0x00000014   Code   RO          528    .text               mc_w.l(strchr.o)
    0x08005100   0x0000000e   Code   RO          530    .text               mc_w.l(strlen.o)
    0x0800510e   0x00000012   Code   RO          532    .text               mc_w.l(strcpy.o)
    0x08005120   0x0000001e   Code   RO          534    .text               mc_w.l(strncmp.o)
    0x0800513e   0x0000014e   Code   RO          829    .text               mf_w.l(dadd.o)
    0x0800528c   0x000000e4   Code   RO          831    .text               mf_w.l(dmul.o)
    0x08005370   0x00000022   Code   RO          835    .text               mf_w.l(dflti.o)
    0x08005392   0x0000003e   Code   RO          837    .text               mf_w.l(dfixi.o)
    0x080053d0   0x00000026   Code   RO          839    .text               mf_w.l(f2d.o)
    0x080053f6   0x00000002   PAD
    0x080053f8   0x00000030   Code   RO          841    .text               mf_w.l(cdcmple.o)
    0x08005428   0x00000030   Code   RO          843    .text               mf_w.l(cdrcmple.o)
    0x08005458   0x0000002c   Code   RO          887    .text               mc_w.l(uidiv.o)
    0x08005484   0x00000062   Code   RO          889    .text               mc_w.l(uldiv.o)
    0x080054e6   0x0000001e   Code   RO          891    .text               mc_w.l(llshl.o)
    0x08005504   0x00000020   Code   RO          893    .text               mc_w.l(llushr.o)
    0x08005524   0x00000024   Code   RO          895    .text               mc_w.l(llsshr.o)
    0x08005548   0x00000000   Code   RO          906    .text               mc_w.l(iusefp.o)
    0x08005548   0x000000ba   Code   RO          909    .text               mf_w.l(depilogue.o)
    0x08005602   0x000000de   Code   RO          911    .text               mf_w.l(ddiv.o)
    0x080056e0   0x0000002e   Code   RO          913    .text               mf_w.l(dscalb.o)
    0x0800570e   0x00000030   Code   RO          915    .text               mf_w.l(dfixul.o)
    0x0800573e   0x00000002   PAD
    0x08005740   0x00000024   Code   RO          917    .text               mc_w.l(init.o)
    0x08005764   0x000000a2   Code   RO          919    .text               mf_w.l(dsqrt.o)
    0x08005806   0x00000002   PAD
    0x08005808   0x00000020   Code   RO          773    i.__0printf         mc_w.l(printfa.o)
    0x08005828   0x00000028   Code   RO          775    i.__0sprintf        mc_w.l(printfa.o)
    0x08005850   0x00000028   Code   RO          859    i.__ARM_fpclassify  m_ws.l(fpclassify.o)
    0x08005878   0x000000aa   Code   RO          861    i.__kernel_poly     m_ws.l(poly.o)
    0x08005922   0x00000002   PAD
    0x08005924   0x00000010   Code   RO          845    i.__mathlib_dbl_divzero  m_ws.l(dunder.o)
    0x08005934   0x00000004   Code   RO          847    i.__mathlib_dbl_infnan2  m_ws.l(dunder.o)
    0x08005938   0x0000000c   Code   RO          848    i.__mathlib_dbl_invalid  m_ws.l(dunder.o)
    0x08005944   0x0000000e   Code   RO          849    i.__mathlib_dbl_overflow  m_ws.l(dunder.o)
    0x08005952   0x00000002   PAD
    0x08005954   0x00000010   Code   RO          851    i.__mathlib_dbl_underflow  m_ws.l(dunder.o)
    0x08005964   0x0000000e   Code   RO          923    i.__scatterload_copy  mc_w.l(handlers.o)
    0x08005972   0x00000002   Code   RO          924    i.__scatterload_null  mc_w.l(handlers.o)
    0x08005974   0x0000000e   Code   RO          925    i.__scatterload_zeroinit  mc_w.l(handlers.o)
    0x08005982   0x00000002   PAD
    0x08005984   0x0000000c   Code   RO          901    i.__set_errno       mc_w.l(errno.o)
    0x08005990   0x00000164   Code   RO          780    i._fp_digits        mc_w.l(printfa.o)
    0x08005af4   0x000006dc   Code   RO          781    i._printf_core      mc_w.l(printfa.o)
    0x080061d0   0x00000024   Code   RO          782    i._printf_post_padding  mc_w.l(printfa.o)
    0x080061f4   0x0000002e   Code   RO          783    i._printf_pre_padding  mc_w.l(printfa.o)
    0x08006222   0x0000000a   Code   RO          785    i._sputc            mc_w.l(printfa.o)
    0x0800622c   0x000000dc   Code   RO          498    i.floor             m_ws.l(floor.o)
    0x08006308   0x00000050   Code   RO          801    i.free              mc_w.l(malloc.o)
    0x08006358   0x0000006c   Code   RO          802    i.malloc            mc_w.l(malloc.o)
    0x080063c4   0x000009b8   Code   RO          502    i.pow               m_ws.l(pow.o)
    0x08006d7c   0x0000004c   Code   RO          865    i.sqrt              m_ws.l(sqrt.o)
    0x08006dc8   0x00000007   Data   RO          413    .constdata          cjson.o
    0x08006dcf   0x00000001   PAD
    0x08006dd0   0x00000088   Data   RO          503    .constdata          m_ws.l(pow.o)
    0x08006e58   0x00000008   Data   RO          863    .constdata          m_ws.l(qnan.o)
    0x08006e60   0x00000020   Data   RO          921    Region$$Table       anon$$obj.o


    Execution Region RW_IRAM1 (Base: 0x20000000, Size: 0x00000f60, Max: 0x00005000, ABSOLUTE)

    Base Addr    Size         Type   Attr      Idx    E Section Name        Object

    0x20000000   0x00000014   Data   RW           18    .data               system_stm32f10x.o
    0x20000014   0x00000014   Data   RW          277    .data               stm32f10x_rcc.o
    0x20000028   0x0000000c   Data   RW          323    .data               usart2.o
    0x20000034   0x00000001   Data   RW          341    .data               led.o
    0x20000035   0x00000001   PAD
    0x20000036   0x00000004   Data   RW          383    .data               delay.o
    0x2000003a   0x00000002   PAD
    0x2000003c   0x0000000c   Data   RW          414    .data               cjson.o
    0x20000048   0x00000004   Data   RW          480    .data               esp8266.o
    0x2000004c   0x00000004   Data   RW          886    .data               mc_w.l(stdout.o)
    0x20000050   0x00000004   Data   RW          897    .data               mc_w.l(mvars.o)
    0x20000054   0x00000004   Data   RW          898    .data               mc_w.l(mvars.o)
    0x20000058   0x00000004   Data   RW          902    .data               mc_w.l(errno.o)
    0x2000005c   0x00000500   Zero   RW          322    .bss                usart2.o
    0x2000055c   0x00000400   Zero   RW          479    .bss                esp8266.o
    0x2000095c   0x00000004   PAD
    0x20000960   0x00000200   Zero   RW          115    HEAP                startup_stm32f10x_hd.o
    0x20000b60   0x00000400   Zero   RW          114    STACK               startup_stm32f10x_hd.o


==============================================================================

Image component sizes


      Code (inc. data)   RO Data    RW Data    ZI Data      Debug   Object Name

      6796        210          7         12          0      23036   cjson.o
         0          0          0          0          0       4536   core_cm3.o
       212         18          0          4          0        999   delay.o
      6200         76          0          0          0      34733   edpkit.o
      1872        952          0          4       1024       2774   esp8266.o
       280         12          0          0          0        991   key.o
       224         28          0          1          0       1495   led.o
       120         44          0          0          0       3763   main.o
       220         22          0          0          0       1905   misc.o
        36          8        304          0       1536        840   startup_stm32f10x_hd.o
       284         10          0          0          0       2339   stm32f10x_exti.o
       860         38          0          0          0       5749   stm32f10x_gpio.o
       180         26          0          0          0       3258   stm32f10x_it.o
       932         36          0         20          0       8936   stm32f10x_rcc.o
      1032         22          0          0          0       8472   stm32f10x_usart.o
       480         38          0         20          0     230835   system_stm32f10x.o
       244         10          0          0          0       1497   usart1.o
       224         10          0         12       1280       1756   usart2.o

    ----------------------------------------------------------------------
     20196       1560        344         76       3844     337914   Object Totals
         0          0         32          0          0          0   (incl. Generated)
         0          0          1          3          4          0   (incl. Padding)

    ----------------------------------------------------------------------

      Code (inc. data)   RO Data    RW Data    ZI Data      Debug   Library Member Name

        62         10          0          0          0        340   dunder.o
       220         16          0          0          0         84   floor.o
        40          0          0          0          0         68   fpclassify.o
       170          0          0          0          0         96   poly.o
      2488        190        136          0          0        300   pow.o
         0          0          8          0          0          0   qnan.o
        76          0          0          0          0         84   sqrt.o
         0          0          0          0          0          0   entry.o
         0          0          0          0          0          0   entry10a.o
         0          0          0          0          0          0   entry11a.o
         8          4          0          0          0          0   entry2.o
         4          0          0          0          0          0   entry5.o
         0          0          0          0          0          0   entry7b.o
         0          0          0          0          0          0   entry8b.o
         8          4          0          0          0          0   entry9a.o
        12          6          0          4          0         68   errno.o
        30          0          0          0          0          0   handlers.o
        36          8          0          0          0         68   init.o
         0          0          0          0          0          0   iusefp.o
        30          0          0          0          0         68   llshl.o
        36          0          0          0          0         68   llsshr.o
        32          0          0          0          0         68   llushr.o
       188         20          0          0          0        160   malloc.o
        64          0          0          0          0         76   memmovea.o
        36          0          0          0          0        108   memseta.o
         0          0          0          8          0          0   mvars.o
      2276         96          0          0          0        596   printfa.o
         0          0          0          4          0          0   stdout.o
        24          0          0          0          0         68   strcat.o
        20          0          0          0          0         68   strchr.o
        18          0          0          0          0         68   strcpy.o
        14          0          0          0          0         68   strlen.o
        30          0          0          0          0         80   strncmp.o
        24          0          0          0          0         76   strncpy.o
        36          0          0          0          0         80   strstr.o
        12          0          0          0          0         68   tolower.o
        44          0          0          0          0         80   uidiv.o
        98          0          0          0          0         92   uldiv.o
        48          0          0          0          0         68   cdcmple.o
        48          0          0          0          0         68   cdrcmple.o
       334          0          0          0          0        148   dadd.o
       222          0          0          0          0        100   ddiv.o
       186          0          0          0          0        176   depilogue.o
        62          0          0          0          0         80   dfixi.o
        48          0          0          0          0         68   dfixul.o
        34          0          0          0          0         76   dflti.o
       228          0          0          0          0         96   dmul.o
        46          0          0          0          0         80   dscalb.o
       162          0          0          0          0        100   dsqrt.o
        38          0          0          0          0         68   f2d.o

    ----------------------------------------------------------------------
      7604        354        144         16          0       4128   Library Totals
        12          0          0          0          0          0   (incl. Padding)

    ----------------------------------------------------------------------

      Code (inc. data)   RO Data    RW Data    ZI Data      Debug   Library Name

      3056        216        144          0          0        972   m_ws.l
      3080        138          0         16          0       2028   mc_w.l
      1456          0          0          0          0       1128   mf_w.l

    ----------------------------------------------------------------------
      7604        354        144         16          0       4128   Library Totals

    ----------------------------------------------------------------------

==============================================================================


      Code (inc. data)   RO Data    RW Data    ZI Data      Debug   

     27800       1914        488         92       3844     338502   Grand Totals
     27800       1914        488         92       3844     338502   ELF Image Totals
     27800       1914        488         92          0          0   ROM Totals

==============================================================================

    Total RO  Size (Code + RO Data)                28288 (  27.63kB)
    Total RW  Size (RW Data + ZI Data)              3936 (   3.84kB)
    Total ROM Size (Code + RO Data + RW Data)      28380 (  27.71kB)

==============================================================================

